../Core/Src/main.c:104:5:main	160	static
../Core/Src/main.c:213:6:SystemClock_Config	88	static
../Core/Src/main.c:260:13:MX_ADC1_Init	24	static
../Core/Src/main.c:307:13:MX_I2C1_Init	8	static
../Core/Src/main.c:341:13:MX_SPI1_Init	8	static
../Core/Src/main.c:379:13:MX_TIM2_Init	32	static
../Core/Src/main.c:424:13:MX_TIM3_Init	32	static
../Core/Src/main.c:467:13:MX_DMA_Init	16	static
../Core/Src/main.c:485:13:MX_GPIO_Init	40	static
../Core/Src/main.c:543:6:HAL_GPIO_EXTI_Callback	16	static
../Core/Src/main.c:576:6:update_slave_ack_payload	32	static
../Core/Src/main.c:583:6:slave_motor	24	static
../Core/Src/main.c:621:6:slave_measure	8	static
../Core/Src/main.c:634:6:request_handler	8	static
../Core/Src/main.c:651:6:HAL_TIM_PeriodElapsedCallback	16	static
../Core/Src/main.c:658:6:read_sensor_values	8	static
../Core/Src/main.c:672:6:Error_Handler	4	static,ignoring_inline_asm
