Archive member included to satisfy reference by file (symbol)

D:/stm32_new/STM32CubeIDE_1.19.0/STM32CubeIDE/plugins/com.st.stm32cube.ide.mcu.externaltools.gnu-tools-for-stm32.13.3.rel1.win32_1.0.0.202411081344/tools/bin/../lib/gcc/arm-none-eabi/13.3.1/../../../../arm-none-eabi/lib/thumb/v7-m/nofp\libc_nano.a(libc_a-exit.o)
                              D:/stm32_new/STM32CubeIDE_1.19.0/STM32CubeIDE/plugins/com.st.stm32cube.ide.mcu.externaltools.gnu-tools-for-stm32.13.3.rel1.win32_1.0.0.202411081344/tools/bin/../lib/gcc/arm-none-eabi/13.3.1/../../../../arm-none-eabi/lib/thumb/v7-m/nofp/crt0.o (exit)
D:/stm32_new/STM32CubeIDE_1.19.0/STM32CubeIDE/plugins/com.st.stm32cube.ide.mcu.externaltools.gnu-tools-for-stm32.13.3.rel1.win32_1.0.0.202411081344/tools/bin/../lib/gcc/arm-none-eabi/13.3.1/../../../../arm-none-eabi/lib/thumb/v7-m/nofp\libc_nano.a(libc_a-malloc.o)
                              ./Core/nrf24l01/nrf24l01.o (malloc)
D:/stm32_new/STM32CubeIDE_1.19.0/STM32CubeIDE/plugins/com.st.stm32cube.ide.mcu.externaltools.gnu-tools-for-stm32.13.3.rel1.win32_1.0.0.202411081344/tools/bin/../lib/gcc/arm-none-eabi/13.3.1/../../../../arm-none-eabi/lib/thumb/v7-m/nofp\libc_nano.a(libc_a-mallocr.o)
                              D:/stm32_new/STM32CubeIDE_1.19.0/STM32CubeIDE/plugins/com.st.stm32cube.ide.mcu.externaltools.gnu-tools-for-stm32.13.3.rel1.win32_1.0.0.202411081344/tools/bin/../lib/gcc/arm-none-eabi/13.3.1/../../../../arm-none-eabi/lib/thumb/v7-m/nofp\libc_nano.a(libc_a-malloc.o) (_malloc_r)
D:/stm32_new/STM32CubeIDE_1.19.0/STM32CubeIDE/plugins/com.st.stm32cube.ide.mcu.externaltools.gnu-tools-for-stm32.13.3.rel1.win32_1.0.0.202411081344/tools/bin/../lib/gcc/arm-none-eabi/13.3.1/../../../../arm-none-eabi/lib/thumb/v7-m/nofp\libc_nano.a(libc_a-mlock.o)
                              D:/stm32_new/STM32CubeIDE_1.19.0/STM32CubeIDE/plugins/com.st.stm32cube.ide.mcu.externaltools.gnu-tools-for-stm32.13.3.rel1.win32_1.0.0.202411081344/tools/bin/../lib/gcc/arm-none-eabi/13.3.1/../../../../arm-none-eabi/lib/thumb/v7-m/nofp\libc_nano.a(libc_a-mallocr.o) (__malloc_lock)
D:/stm32_new/STM32CubeIDE_1.19.0/STM32CubeIDE/plugins/com.st.stm32cube.ide.mcu.externaltools.gnu-tools-for-stm32.13.3.rel1.win32_1.0.0.202411081344/tools/bin/../lib/gcc/arm-none-eabi/13.3.1/../../../../arm-none-eabi/lib/thumb/v7-m/nofp\libc_nano.a(libc_a-findfp.o)
                              D:/stm32_new/STM32CubeIDE_1.19.0/STM32CubeIDE/plugins/com.st.stm32cube.ide.mcu.externaltools.gnu-tools-for-stm32.13.3.rel1.win32_1.0.0.202411081344/tools/bin/../lib/gcc/arm-none-eabi/13.3.1/../../../../arm-none-eabi/lib/thumb/v7-m/nofp\libc_nano.a(libc_a-exit.o) (__stdio_exit_handler)
D:/stm32_new/STM32CubeIDE_1.19.0/STM32CubeIDE/plugins/com.st.stm32cube.ide.mcu.externaltools.gnu-tools-for-stm32.13.3.rel1.win32_1.0.0.202411081344/tools/bin/../lib/gcc/arm-none-eabi/13.3.1/../../../../arm-none-eabi/lib/thumb/v7-m/nofp\libc_nano.a(libc_a-fwalk.o)
                              D:/stm32_new/STM32CubeIDE_1.19.0/STM32CubeIDE/plugins/com.st.stm32cube.ide.mcu.externaltools.gnu-tools-for-stm32.13.3.rel1.win32_1.0.0.202411081344/tools/bin/../lib/gcc/arm-none-eabi/13.3.1/../../../../arm-none-eabi/lib/thumb/v7-m/nofp\libc_nano.a(libc_a-findfp.o) (_fwalk_sglue)
D:/stm32_new/STM32CubeIDE_1.19.0/STM32CubeIDE/plugins/com.st.stm32cube.ide.mcu.externaltools.gnu-tools-for-stm32.13.3.rel1.win32_1.0.0.202411081344/tools/bin/../lib/gcc/arm-none-eabi/13.3.1/../../../../arm-none-eabi/lib/thumb/v7-m/nofp\libc_nano.a(libc_a-stdio.o)
                              D:/stm32_new/STM32CubeIDE_1.19.0/STM32CubeIDE/plugins/com.st.stm32cube.ide.mcu.externaltools.gnu-tools-for-stm32.13.3.rel1.win32_1.0.0.202411081344/tools/bin/../lib/gcc/arm-none-eabi/13.3.1/../../../../arm-none-eabi/lib/thumb/v7-m/nofp\libc_nano.a(libc_a-findfp.o) (__sread)
D:/stm32_new/STM32CubeIDE_1.19.0/STM32CubeIDE/plugins/com.st.stm32cube.ide.mcu.externaltools.gnu-tools-for-stm32.13.3.rel1.win32_1.0.0.202411081344/tools/bin/../lib/gcc/arm-none-eabi/13.3.1/../../../../arm-none-eabi/lib/thumb/v7-m/nofp\libc_nano.a(libc_a-memset.o)
                              D:/stm32_new/STM32CubeIDE_1.19.0/STM32CubeIDE/plugins/com.st.stm32cube.ide.mcu.externaltools.gnu-tools-for-stm32.13.3.rel1.win32_1.0.0.202411081344/tools/bin/../lib/gcc/arm-none-eabi/13.3.1/../../../../arm-none-eabi/lib/thumb/v7-m/nofp/crt0.o (memset)
D:/stm32_new/STM32CubeIDE_1.19.0/STM32CubeIDE/plugins/com.st.stm32cube.ide.mcu.externaltools.gnu-tools-for-stm32.13.3.rel1.win32_1.0.0.202411081344/tools/bin/../lib/gcc/arm-none-eabi/13.3.1/../../../../arm-none-eabi/lib/thumb/v7-m/nofp\libc_nano.a(libc_a-closer.o)
                              D:/stm32_new/STM32CubeIDE_1.19.0/STM32CubeIDE/plugins/com.st.stm32cube.ide.mcu.externaltools.gnu-tools-for-stm32.13.3.rel1.win32_1.0.0.202411081344/tools/bin/../lib/gcc/arm-none-eabi/13.3.1/../../../../arm-none-eabi/lib/thumb/v7-m/nofp\libc_nano.a(libc_a-stdio.o) (_close_r)
[...]
Memory Configuration

Name             Origin             Length             Attributes
RAM              0x20000000         0x00005000         xrw
FLASH            0x08000000         0x00010000         xr
*default*        0x00000000         0xffffffff

Linker script and memory map

LOAD D:/stm32_new/STM32CubeIDE_1.19.0/STM32CubeIDE/plugins/com.st.stm32cube.ide.mcu.externaltools.gnu-tools-for-stm32.13.3.rel1.win32_1.0.0.202411081344/tools/bin/../lib/gcc/arm-none-eabi/13.3.1/thumb/v7-m/nofp/crti.o
LOAD D:/stm32_new/STM32CubeIDE_1.19.0/STM32CubeIDE/plugins/com.st.stm32cube.ide.mcu.externaltools.gnu-tools-for-stm32.13.3.rel1.win32_1.0.0.202411081344/tools/bin/../lib/gcc/arm-none-eabi/13.3.1/thumb/v7-m/nofp/crtbegin.o
LOAD D:/stm32_new/STM32CubeIDE_1.19.0/STM32CubeIDE/plugins/com.st.stm32cube.ide.mcu.externaltools.gnu-tools-for-stm32.13.3.rel1.win32_1.0.0.202411081344/tools/bin/../lib/gcc/arm-none-eabi/13.3.1/../../../../arm-none-eabi/lib/thumb/v7-m/nofp/crt0.o
LOAD ./Core/Src/main.o
LOAD ./Core/Src/stm32f1xx_hal_msp.o
LOAD ./Core/Src/stm32f1xx_it.o
LOAD ./Core/Src/syscalls.o
LOAD ./Core/Src/sysmem.o
LOAD ./Core/Src/system_stm32f1xx.o
LOAD ./Core/Startup/startup_stm32f103c8tx.o
LOAD ./Core/dependencies/AHT20.o
LOAD ./Core/dependencies/protocol.o
LOAD ./Core/dependencies/pump.o
LOAD ./Core/nrf24l01/nrf24l01.o
LOAD ./Drivers/STM32F1xx_HAL_Driver/Src/stm32f1xx_hal.o
LOAD ./Drivers/STM32F1xx_HAL_Driver/Src/stm32f1xx_hal_adc.o
LOAD ./Drivers/STM32F1xx_HAL_Driver/Src/stm32f1xx_hal_adc_ex.o
LOAD ./Drivers/STM32F1xx_HAL_Driver/Src/stm32f1xx_hal_cortex.o
LOAD ./Drivers/STM32F1xx_HAL_Driver/Src/stm32f1xx_hal_dma.o
LOAD ./Drivers/STM32F1xx_HAL_Driver/Src/stm32f1xx_hal_exti.o
LOAD ./Drivers/STM32F1xx_HAL_Driver/Src/stm32f1xx_hal_flash.o
LOAD ./Drivers/STM32F1xx_HAL_Driver/Src/stm32f1xx_hal_flash_ex.o
LOAD ./Drivers/STM32F1xx_HAL_Driver/Src/stm32f1xx_hal_gpio.o
LOAD ./Drivers/STM32F1xx_HAL_Driver/Src/stm32f1xx_hal_gpio_ex.o
LOAD ./Drivers/STM32F1xx_HAL_Driver/Src/stm32f1xx_hal_i2c.o
LOAD ./Drivers/STM32F1xx_HAL_Driver/Src/stm32f1xx_hal_pwr.o
LOAD ./Drivers/STM32F1xx_HAL_Driver/Src/stm32f1xx_hal_rcc.o
LOAD ./Drivers/STM32F1xx_HAL_Driver/Src/stm32f1xx_hal_rcc_ex.o
LOAD ./Drivers/STM32F1xx_HAL_Driver/Src/stm32f1xx_hal_spi.o
LOAD ./Drivers/STM32F1xx_HAL_Driver/Src/stm32f1xx_hal_tim.o
LOAD ./Drivers/STM32F1xx_HAL_Driver/Src/stm32f1xx_hal_tim_ex.o
START GROUP
LOAD D:/stm32_new/STM32CubeIDE_1.19.0/STM32CubeIDE/plugins/com.st.stm32cube.ide.mcu.externaltools.gnu-tools-for-stm32.13.3.rel1.win32_1.0.0.202411081344/tools/bin/../lib/gcc/arm-none-eabi/13.3.1/../../../../arm-none-eabi/lib/thumb/v7-m/nofp\libc_nano.a
LOAD D:/stm32_new/STM32CubeIDE_1.19.0/STM32CubeIDE/plugins/com.st.stm32cube.ide.mcu.externaltools.gnu-tools-for-stm32.13.3.rel1.win32_1.0.0.202411081344/tools/bin/../lib/gcc/arm-none-eabi/13.3.1/../../../../arm-none-eabi/lib/thumb/v7-m/nofp\libm.a
END GROUP
START GROUP
LOAD D:/stm32_new/STM32CubeIDE_1.19.0/STM32CubeIDE/plugins/com.st.stm32cube.ide.mcu.externaltools.gnu-tools-for-stm32.13.3.rel1.win32_1.0.0.202411081344/tools/bin/../lib/gcc/arm-none-eabi/13.3.1/thumb/v7-m/nofp\libgcc.a
LOAD D:/stm32_new/STM32CubeIDE_1.19.0/STM32CubeIDE/plugins/com.st.stm32cube.ide.mcu.externaltools.gnu-tools-for-stm32.13.3.rel1.win32_1.0.0.202411081344/tools/bin/../lib/gcc/arm-none-eabi/13.3.1/../../../../arm-none-eabi/lib/thumb/v7-m/nofp\libc_nano.a
END GROUP
START GROUP
LOAD D:/stm32_new/STM32CubeIDE_1.19.0/STM32CubeIDE/plugins/com.st.stm32cube.ide.mcu.externaltools.gnu-tools-for-stm32.13.3.rel1.win32_1.0.0.202411081344/tools/bin/../lib/gcc/arm-none-eabi/13.3.1/thumb/v7-m/nofp\libgcc.a
LOAD D:/stm32_new/STM32CubeIDE_1.19.0/STM32CubeIDE/plugins/com.st.stm32cube.ide.mcu.externaltools.gnu-tools-for-stm32.13.3.rel1.win32_1.0.0.202411081344/tools/bin/../lib/gcc/arm-none-eabi/13.3.1/../../../../arm-none-eabi/lib/thumb/v7-m/nofp\libc_nano.a
LOAD D:/stm32_new/STM32CubeIDE_1.19.0/STM32CubeIDE/plugins/com.st.stm32cube.ide.mcu.externaltools.gnu-tools-for-stm32.13.3.rel1.win32_1.0.0.202411081344/tools/bin/../lib/gcc/arm-none-eabi/13.3.1/../../../../arm-none-eabi/lib/thumb/v7-m/nofp\libnosys.a
END GROUP
START GROUP
LOAD D:/stm32_new/STM32CubeIDE_1.19.0/STM32CubeIDE/plugins/com.st.stm32cube.ide.mcu.externaltools.gnu-tools-for-stm32.13.3.rel1.win32_1.0.0.202411081344/tools/bin/../lib/gcc/arm-none-eabi/13.3.1/thumb/v7-m/nofp\libgcc.a
LOAD D:/stm32_new/STM32CubeIDE_1.19.0/STM32CubeIDE/plugins/com.st.stm32cube.ide.mcu.externaltools.gnu-tools-for-stm32.13.3.rel1.win32_1.0.0.202411081344/tools/bin/../lib/gcc/arm-none-eabi/13.3.1/../../../../arm-none-eabi/lib/thumb/v7-m/nofp\libc_nano.a
LOAD D:/stm32_new/STM32CubeIDE_1.19.0/STM32CubeIDE/plugins/com.st.stm32cube.ide.mcu.externaltools.gnu-tools-for-stm32.13.3.rel1.win32_1.0.0.202411081344/tools/bin/../lib/gcc/arm-none-eabi/13.3.1/../../../../arm-none-eabi/lib/thumb/v7-m/nofp\libnosys.a
END GROUP
LOAD D:/stm32_new/STM32CubeIDE_1.19.0/STM32CubeIDE/plugins/com.st.stm32cube.ide.mcu.externaltools.gnu-tools-for-stm32.13.3.rel1.win32_1.0.0.202411081344/tools/bin/../lib/gcc/arm-none-eabi/13.3.1/thumb/v7-m/nofp/crtend.o
LOAD D:/stm32_new/STM32CubeIDE_1.19.0/STM32CubeIDE/plugins/com.st.stm32cube.ide.mcu.externaltools.gnu-tools-for-stm32.13.3.rel1.win32_1.0.0.202411081344/tools/bin/../lib/gcc/arm-none-eabi/13.3.1/thumb/v7-m/nofp/crtn.o
                0x20005000                        _estack = (ORIGIN (RAM) + LENGTH (RAM))
                0x00000200                        _Min_Heap_Size = 0x200
                0x00000400                        _Min_Stack_Size = 0x400

.isr_vector     0x08000000      0x10c
                0x08000000                        . = ALIGN (0x4)
 *(.isr_vector)
 .isr_vector    0x08000000      0x10c ./Core/Startup/startup_stm32f103c8tx.o
                0x08000000                g_pfnVectors
                0x0800010c                        . = ALIGN (0x4)

.text           0x08000110     0x71f4
                0x08000110                        . = ALIGN (0x4)
 *(.text)
 .text          0x08000110       0x40 D:/stm32_new/STM32CubeIDE_1.19.0/STM32CubeIDE/plugins/com.st.stm32cube.ide.mcu.externaltools.gnu-tools-for-stm32.13.3.rel1.win32_1.0.0.202411081344/tools/bin/../lib/gcc/arm-none-eabi/13.3.1/thumb/v7-m/nofp/crtbegin.o
 .text          0x08000150      0x168 D:/stm32_new/STM32CubeIDE_1.19.0/STM32CubeIDE/plugins/com.st.stm32cube.ide.mcu.externaltools.gnu-tools-for-stm32.13.3.rel1.win32_1.0.0.202411081344/tools/bin/../lib/gcc/arm-none-eabi/13.3.1/thumb/v7-m/nofp\libgcc.a(_arm_mulsf3.o)
                0x08000150                __aeabi_fmul
                0x08000150                __mulsf3
 .text          0x080002b8      0x378 D:/stm32_new/STM32CubeIDE_1.19.0/STM32CubeIDE/plugins/com.st.stm32cube.ide.mcu.externaltools.gnu-tools-for-stm32.13.3.rel1.win32_1.0.0.202411081344/tools/bin/../lib/gcc/arm-none-eabi/13.3.1/thumb/v7-m/nofp\libgcc.a(_arm_addsubdf3.o)
                0x080002b8                __aeabi_drsub
                0x080002c0                __aeabi_dsub
                0x080002c0                __subdf3
                0x080002c4                __aeabi_dadd
                0x080002c4                __adddf3
                0x0800053c                __floatunsidf
                0x0800053c                __aeabi_ui2d
                0x0800055c                __floatsidf
                0x0800055c                __aeabi_i2d
                0x08000580                __aeabi_f2d
                0x08000580                __extendsfdf2
                0x080005c4                __floatundidf
                0x080005c4                __aeabi_ul2d
                0x080005d4                __floatdidf
                0x080005d4                __aeabi_l2d
 .text          0x08000630      0x424 D:/stm32_new/STM32CubeIDE_1.19.0/STM32CubeIDE/plugins/com.st.stm32cube.ide.mcu.externaltools.gnu-tools-for-stm32.13.3.rel1.win32_1.0.0.202411081344/tools/bin/../lib/gcc/arm-none-eabi/13.3.1/thumb/v7-m/nofp\libgcc.a(_arm_muldivdf3.o)
                0x08000630                __aeabi_dmul
                0x08000630                __muldf3
                0x08000884                __divdf3
                0x08000884                __aeabi_ddiv
 .text          0x08000a54       0xa0 D:/stm32_new/STM32CubeIDE_1.19.0/STM32CubeIDE/plugins/com.st.stm32cube.ide.mcu.externaltools.gnu-tools-for-stm32.13.3.rel1.win32_1.0.0.202411081344/tools/bin/../lib/gcc/arm-none-eabi/13.3.1/thumb/v7-m/nofp\libgcc.a(_arm_truncdfsf2.o)
                0x08000a54                __truncdfsf2
                0x08000a54                __aeabi_d2f
 .text          0x08000af4      0x21c D:/stm32_new/STM32CubeIDE_1.19.0/STM32CubeIDE/plugins/com.st.stm32cube.ide.mcu.externaltools.gnu-tools-for-stm32.13.3.rel1.win32_1.0.0.202411081344/tools/bin/../lib/gcc/arm-none-eabi/13.3.1/thumb/v7-m/nofp\libgcc.a(_arm_addsubsf3.o)
                0x08000af4                __aeabi_frsub
                0x08000afc                __subsf3
                0x08000afc                __aeabi_fsub
                0x08000b00                __aeabi_fadd
                0x08000b00                __addsf3
                0x08000c60                __aeabi_ui2f
                0x08000c60                __floatunsisf
                0x08000c68                __aeabi_i2f
                0x08000c68                __floatsisf
                0x08000c84                __aeabi_ul2f
                0x08000c84                __floatundisf
                0x08000c94                __aeabi_l2f
                0x08000c94                __floatdisf
 *(.text*)
 .text.main     0x08000d10      0x164 ./Core/Src/main.o
                0x08000d10                main
 .text.SystemClock_Config
                0x08000e74       0xb6 ./Core/Src/main.o
                0x08000e74                SystemClock_Config
 *fill*         0x08000f2a        0x2 
 .text.MX_ADC1_Init
                0x08000f2c       0x7c ./Core/Src/main.o
 .text.MX_I2C1_Init
                0x08000fa8       0x5c ./Core/Src/main.o
 .text.MX_SPI1_Init
                0x08001004       0x6c ./Core/Src/main.o
 .text.MX_TIM2_Init
                0x08001070       0x98 ./Core/Src/main.o
 .text.MX_TIM3_Init
                0x08001108       0x9c ./Core/Src/main.o
 .text.MX_DMA_Init
                0x080011a4       0x3c ./Core/Src/main.o
 .text.MX_GPIO_Init
                0x080011e0      0x134 ./Core/Src/main.o
 .text.HAL_GPIO_EXTI_Callback
                0x08001314       0xc8 ./Core/Src/main.o
                0x08001314                HAL_GPIO_EXTI_Callback
 *fill*         0x080013dc        0x4 
 .text.update_slave_ack_payload
                0x080013e0       0xac ./Core/Src/main.o
                0x080013e0                update_slave_ack_payload
 .text.slave_motor
                0x0800148c       0xe0 ./Core/Src/main.o
                0x0800148c                slave_motor
 .text.slave_measure
                0x0800156c       0x24 ./Core/Src/main.o
                0x0800156c                slave_measure
 .text.request_handler
                0x08001590       0x4c ./Core/Src/main.o
                0x08001590                request_handler
 .text.HAL_TIM_PeriodElapsedCallback
                0x080015dc       0x3c ./Core/Src/main.o
                0x080015dc                HAL_TIM_PeriodElapsedCallback
 .text.read_sensor_values
                0x08001618       0x48 ./Core/Src/main.o
                0x08001618                read_sensor_values
 .text.Error_Handler
                0x08001660        0xc ./Core/Src/main.o
                0x08001660                Error_Handler
 .text.HAL_MspInit
                0x0800166c       0x64 ./Core/Src/stm32f1xx_hal_msp.o
                0x0800166c                HAL_MspInit
 .text.HAL_ADC_MspInit
                0x080016d0       0xd0 ./Core/Src/stm32f1xx_hal_msp.o
                0x080016d0                HAL_ADC_MspInit
 .text.HAL_I2C_MspInit
                0x080017a0       0x7c ./Core/Src/stm32f1xx_hal_msp.o
                0x080017a0                HAL_I2C_MspInit
 .text.HAL_SPI_MspInit
                0x0800181c       0x94 ./Core/Src/stm32f1xx_hal_msp.o
                0x0800181c                HAL_SPI_MspInit
 .text.HAL_TIM_Base_MspInit
                0x080018b0       0x80 ./Core/Src/stm32f1xx_hal_msp.o
                0x080018b0                HAL_TIM_Base_MspInit
 .text.NMI_Handler
                0x08001930        0x8 ./Core/Src/stm32f1xx_it.o
                0x08001930                NMI_Handler
 .text.HardFault_Handler
                0x08001938        0x8 ./Core/Src/stm32f1xx_it.o
                0x08001938                HardFault_Handler
 .text.MemManage_Handler
                0x08001940        0x8 ./Core/Src/stm32f1xx_it.o
                0x08001940                MemManage_Handler
 .text.BusFault_Handler
                0x08001948        0x8 ./Core/Src/stm32f1xx_it.o
                0x08001948                BusFault_Handler
 .text.UsageFault_Handler
                0x08001950        0x8 ./Core/Src/stm32f1xx_it.o
                0x08001950                UsageFault_Handler
 .text.SVC_Handler
                0x08001958        0xc ./Core/Src/stm32f1xx_it.o
                0x08001958                SVC_Handler
 .text.DebugMon_Handler
                0x08001964        0xc ./Core/Src/stm32f1xx_it.o
                0x08001964                DebugMon_Handler
 .text.PendSV_Handler
                0x08001970        0xc ./Core/Src/stm32f1xx_it.o
                0x08001970                PendSV_Handler
 .text.SysTick_Handler
                0x0800197c        0xc ./Core/Src/stm32f1xx_it.o
                0x0800197c                SysTick_Handler
 .text.EXTI0_IRQHandler
                0x08001988        0xe ./Core/Src/stm32f1xx_it.o
                0x08001988                EXTI0_IRQHandler
 .text.EXTI3_IRQHandler
                0x08001996        0xe ./Core/Src/stm32f1xx_it.o
                0x08001996                EXTI3_IRQHandler
 .text.DMA1_Channel1_IRQHandler
                0x080019a4       0x14 ./Core/Src/stm32f1xx_it.o
                0x080019a4                DMA1_Channel1_IRQHandler
 .text.TIM2_IRQHandler
                0x080019b8       0x14 ./Core/Src/stm32f1xx_it.o
                0x080019b8                TIM2_IRQHandler
 .text.TIM3_IRQHandler
                0x080019cc       0x14 ./Core/Src/stm32f1xx_it.o
                0x080019cc                TIM3_IRQHandler
 .text._sbrk    0x080019e0       0x6c ./Core/Src/sysmem.o
                0x080019e0                _sbrk
 .text.SystemInit
                0x08001a4c        0xc ./Core/Src/system_stm32f1xx.o
                0x08001a4c                SystemInit
 .text.Reset_Handler
                0x08001a58       0x48 ./Core/Startup/startup_stm32f103c8tx.o
                0x08001a58                Reset_Handler
 .text.Default_Handler
                0x08001aa0        0x2 ./Core/Startup/startup_stm32f103c8tx.o
                0x08001aa0                RTC_Alarm_IRQHandler
                0x08001aa0                EXTI2_IRQHandler
                0x08001aa0                TIM1_CC_IRQHandler
                0x08001aa0                PVD_IRQHandler
                0x08001aa0                I2C2_EV_IRQHandler
                0x08001aa0                ADC1_2_IRQHandler
                0x08001aa0                SPI1_IRQHandler
                0x08001aa0                TAMPER_IRQHandler
                0x08001aa0                DMA1_Channel4_IRQHandler
                0x08001aa0                USART3_IRQHandler
                0x08001aa0                RTC_IRQHandler
                0x08001aa0                DMA1_Channel7_IRQHandler
                0x08001aa0                CAN1_RX1_IRQHandler
                0x08001aa0                TIM4_IRQHandler
                0x08001aa0                I2C1_EV_IRQHandler
                0x08001aa0                DMA1_Channel6_IRQHandler
                0x08001aa0                RCC_IRQHandler
                0x08001aa0                TIM1_TRG_COM_IRQHandler
                0x08001aa0                Default_Handler
                0x08001aa0                EXTI15_10_IRQHandler
                0x08001aa0                EXTI9_5_IRQHandler
                0x08001aa0                SPI2_IRQHandler
                0x08001aa0                DMA1_Channel5_IRQHandler
                0x08001aa0                EXTI4_IRQHandler
                0x08001aa0                USB_LP_CAN1_RX0_IRQHandler
                0x08001aa0                USB_HP_CAN1_TX_IRQHandler
                0x08001aa0                DMA1_Channel3_IRQHandler
                0x08001aa0                TIM1_UP_IRQHandler
                0x08001aa0                WWDG_IRQHandler
                0x08001aa0                TIM1_BRK_IRQHandler
                0x08001aa0                EXTI1_IRQHandler
                0x08001aa0                USART2_IRQHandler
                0x08001aa0                I2C2_ER_IRQHandler
                0x08001aa0                DMA1_Channel2_IRQHandler
                0x08001aa0                CAN1_SCE_IRQHandler
                0x08001aa0                FLASH_IRQHandler
                0x08001aa0                USART1_IRQHandler
                0x08001aa0                I2C1_ER_IRQHandler
                0x08001aa0                USBWakeUp_IRQHandler
 *fill*         0x08001aa2        0x2 
 .text.AHT20_Init
                0x08001aa4       0x80 ./Core/dependencies/AHT20.o
                0x08001aa4                AHT20_Init
 .text.AHT20_Measure
                0x08001b24      0x150 ./Core/dependencies/AHT20.o
                0x08001b24                AHT20_Measure
 .text.assemble_slave_packet
                0x08001c74       0x38 ./Core/dependencies/protocol.o
                0x08001c74                assemble_slave_packet
 .text.deserialize_master_packet
                0x08001cac       0x28 ./Core/dependencies/protocol.o
                0x08001cac                deserialize_master_packet
 .text.serialize_slave_packet
                0x08001cd4       0x4c ./Core/dependencies/protocol.o
                0x08001cd4                serialize_slave_packet
 .text.slave_init
                0x08001d20       0x30 ./Core/dependencies/protocol.o
                0x08001d20                slave_init
 .text.Pump_Init
                0x08001d50       0x58 ./Core/dependencies/pump.o
                0x08001d50                Pump_Init
 .text.Pump_On  0x08001da8       0x34 ./Core/dependencies/pump.o
                0x08001da8                Pump_On
 .text.Pump_Off
                0x08001ddc       0x34 ./Core/dependencies/pump.o
                0x08001ddc                Pump_Off
 .text.nrf24l01_get_default_config
                0x08001e10      0x1d4 ./Core/nrf24l01/nrf24l01.o
                0x08001e10                nrf24l01_get_default_config
 .text.nrf24l01_init
                0x08001fe4      0x254 ./Core/nrf24l01/nrf24l01.o
                0x08001fe4                nrf24l01_init
 .text.nrf24l01_init_data_pipe
                0x08002238       0xd8 ./Core/nrf24l01/nrf24l01.o
                0x08002238                nrf24l01_init_data_pipe
 .text.nrf24l01_chip_select
                0x08002310       0x2c ./Core/nrf24l01/nrf24l01.o
                0x08002310                nrf24l01_chip_select
 .text.nrf24l01_chip_deselect
                0x0800233c       0x2c ./Core/nrf24l01/nrf24l01.o
                0x0800233c                nrf24l01_chip_deselect
 .text.nrf24l01_chip_enable
                0x08002368       0x2c ./Core/nrf24l01/nrf24l01.o
                0x08002368                nrf24l01_chip_enable
 .text.nrf24l01_chip_disable
                0x08002394       0x2c ./Core/nrf24l01/nrf24l01.o
                0x08002394                nrf24l01_chip_disable
 .text.nrf24l01_send_command
                0x080023c0       0x56 ./Core/nrf24l01/nrf24l01.o
                0x080023c0                nrf24l01_send_command
 .text.nrf24l01_read_register
                0x08002416       0xb6 ./Core/nrf24l01/nrf24l01.o
                0x08002416                nrf24l01_read_register
 .text.nrf24l01_write_register
                0x080024cc       0xc6 ./Core/nrf24l01/nrf24l01.o
                0x080024cc                nrf24l01_write_register
 .text.nrf24l01_read_rx_payload
                0x08002592       0xc4 ./Core/nrf24l01/nrf24l01.o
                0x08002592                nrf24l01_read_rx_payload
 .text.nrf24l01_flush_tx
                0x08002656       0x2c ./Core/nrf24l01/nrf24l01.o
                0x08002656                nrf24l01_flush_tx
 .text.nrf24l01_flush_rx
                0x08002682       0x2c ./Core/nrf24l01/nrf24l01.o
                0x08002682                nrf24l01_flush_rx
 .text.nrf24l01_activate_extra_features
                0x080026ae       0x4c ./Core/nrf24l01/nrf24l01.o
                0x080026ae                nrf24l01_activate_extra_features
 .text.nrf24l01_write_ack_payload
                0x080026fa       0xe2 ./Core/nrf24l01/nrf24l01.o
                0x080026fa                nrf24l01_write_ack_payload
 .text.nrf24l01_nop
                0x080027dc       0x24 ./Core/nrf24l01/nrf24l01.o
                0x080027dc                nrf24l01_nop
 .text.nrf24l01_power_up
                0x08002800       0x5a ./Core/nrf24l01/nrf24l01.o
                0x08002800                nrf24l01_power_up
 .text.nrf24l01_power_down
                0x0800285a       0x54 ./Core/nrf24l01/nrf24l01.o
                0x0800285a                nrf24l01_power_down
 .text.nrf24l01_listen
                0x080028ae       0x70 ./Core/nrf24l01/nrf24l01.o
                0x080028ae                nrf24l01_listen
 .text.nrf24l01_dynamic_payload_length
                0x0800291e       0x64 ./Core/nrf24l01/nrf24l01.o
                0x0800291e                nrf24l01_dynamic_payload_length
 .text.nrf24l01_payload_with_ack
                0x08002982       0x64 ./Core/nrf24l01/nrf24l01.o
                0x08002982                nrf24l01_payload_with_ack
 .text.nrf24l01_data_pipe_dynamic_payload_length
                0x080029e6       0x96 ./Core/nrf24l01/nrf24l01.o
                0x080029e6                nrf24l01_data_pipe_dynamic_payload_length
 .text.nrf24l01_data_pipe_enable
                0x08002a7c       0x92 ./Core/nrf24l01/nrf24l01.o
                0x08002a7c                nrf24l01_data_pipe_enable
 .text.nrf24l01_data_pipe_auto_ack
                0x08002b0e       0x92 ./Core/nrf24l01/nrf24l01.o
                0x08002b0e                nrf24l01_data_pipe_auto_ack
 .text.nrf24l01_data_pipe_address
                0x08002ba0       0xee ./Core/nrf24l01/nrf24l01.o
                0x08002ba0                nrf24l01_data_pipe_address
 .text.nrf24l01_data_pipe_payload_width
                0x08002c8e       0x48 ./Core/nrf24l01/nrf24l01.o
                0x08002c8e                nrf24l01_data_pipe_payload_width
 *fill*         0x08002cd6        0x2 
 .text.nrf24l01_clear_interrupt_flag
                0x08002cd8       0x7c ./Core/nrf24l01/nrf24l01.o
                0x08002cd8                nrf24l01_clear_interrupt_flag
 .text.HAL_Init
                0x08002d54       0x2c ./Drivers/STM32F1xx_HAL_Driver/Src/stm32f1xx_hal.o
                0x08002d54                HAL_Init
 .text.HAL_InitTick
                0x08002d80       0x60 ./Drivers/STM32F1xx_HAL_Driver/Src/stm32f1xx_hal.o
                0x08002d80                HAL_InitTick
 .text.HAL_IncTick
                0x08002de0       0x24 ./Drivers/STM32F1xx_HAL_Driver/Src/stm32f1xx_hal.o
                0x08002de0                HAL_IncTick
 .text.HAL_GetTick
                0x08002e04       0x14 ./Drivers/STM32F1xx_HAL_Driver/Src/stm32f1xx_hal.o
                0x08002e04                HAL_GetTick
 .text.HAL_Delay
                0x08002e18       0x48 ./Drivers/STM32F1xx_HAL_Driver/Src/stm32f1xx_hal.o
                0x08002e18                HAL_Delay
 .text.HAL_ADC_Init
                0x08002e60      0x1b0 ./Drivers/STM32F1xx_HAL_Driver/Src/stm32f1xx_hal_adc.o
                0x08002e60                HAL_ADC_Init
 .text.HAL_ADC_Start
                0x08003010      0x15c ./Drivers/STM32F1xx_HAL_Driver/Src/stm32f1xx_hal_adc.o
                0x08003010                HAL_ADC_Start
 .text.HAL_ADC_Stop
                0x0800316c       0x58 ./Drivers/STM32F1xx_HAL_Driver/Src/stm32f1xx_hal_adc.o
                0x0800316c                HAL_ADC_Stop
 .text.HAL_ADC_PollForConversion
                0x080031c4      0x20c ./Drivers/STM32F1xx_HAL_Driver/Src/stm32f1xx_hal_adc.o
                0x080031c4                HAL_ADC_PollForConversion
 .text.HAL_ADC_GetValue
                0x080033d0       0x18 ./Drivers/STM32F1xx_HAL_Driver/Src/stm32f1xx_hal_adc.o
                0x080033d0                HAL_ADC_GetValue
 .text.HAL_ADC_ConfigChannel
                0x080033e8      0x1f0 ./Drivers/STM32F1xx_HAL_Driver/Src/stm32f1xx_hal_adc.o
                0x080033e8                HAL_ADC_ConfigChannel
 .text.ADC_Enable
                0x080035d8       0xb4 ./Drivers/STM32F1xx_HAL_Driver/Src/stm32f1xx_hal_adc.o
                0x080035d8                ADC_Enable
 .text.ADC_ConversionStop_Disable
                0x0800368c       0x82 ./Drivers/STM32F1xx_HAL_Driver/Src/stm32f1xx_hal_adc.o
                0x0800368c                ADC_ConversionStop_Disable
 *fill*         0x0800370e        0x2 
 .text.__NVIC_SetPriorityGrouping
                0x08003710       0x48 ./Drivers/STM32F1xx_HAL_Driver/Src/stm32f1xx_hal_cortex.o
 .text.__NVIC_GetPriorityGrouping
                0x08003758       0x1c ./Drivers/STM32F1xx_HAL_Driver/Src/stm32f1xx_hal_cortex.o
 .text.__NVIC_EnableIRQ
                0x08003774       0x38 ./Drivers/STM32F1xx_HAL_Driver/Src/stm32f1xx_hal_cortex.o
 .text.__NVIC_SetPriority
                0x080037ac       0x54 ./Drivers/STM32F1xx_HAL_Driver/Src/stm32f1xx_hal_cortex.o
 .text.NVIC_EncodePriority
                0x08003800       0x64 ./Drivers/STM32F1xx_HAL_Driver/Src/stm32f1xx_hal_cortex.o
 .text.SysTick_Config
                0x08003864       0x44 ./Drivers/STM32F1xx_HAL_Driver/Src/stm32f1xx_hal_cortex.o
 .text.HAL_NVIC_SetPriorityGrouping
                0x080038a8       0x16 ./Drivers/STM32F1xx_HAL_Driver/Src/stm32f1xx_hal_cortex.o
                0x080038a8                HAL_NVIC_SetPriorityGrouping
 .text.HAL_NVIC_SetPriority
                0x080038be       0x38 ./Drivers/STM32F1xx_HAL_Driver/Src/stm32f1xx_hal_cortex.o
                0x080038be                HAL_NVIC_SetPriority
 .text.HAL_NVIC_EnableIRQ
                0x080038f6       0x1c ./Drivers/STM32F1xx_HAL_Driver/Src/stm32f1xx_hal_cortex.o
                0x080038f6                HAL_NVIC_EnableIRQ
 .text.HAL_SYSTICK_Config
                0x08003912       0x18 ./Drivers/STM32F1xx_HAL_Driver/Src/stm32f1xx_hal_cortex.o
                0x08003912                HAL_SYSTICK_Config
 *fill*         0x0800392a        0x2 
 .text.HAL_DMA_Init
                0x0800392c       0xb4 ./Drivers/STM32F1xx_HAL_Driver/Src/stm32f1xx_hal_dma.o
                0x0800392c                HAL_DMA_Init
 .text.HAL_DMA_IRQHandler
                0x080039e0      0x20c ./Drivers/STM32F1xx_HAL_Driver/Src/stm32f1xx_hal_dma.o
                0x080039e0                HAL_DMA_IRQHandler
 .text.HAL_GPIO_Init
                0x08003bec      0x308 ./Drivers/STM32F1xx_HAL_Driver/Src/stm32f1xx_hal_gpio.o
                0x08003bec                HAL_GPIO_Init
 .text.HAL_GPIO_ReadPin
                0x08003ef4       0x2e ./Drivers/STM32F1xx_HAL_Driver/Src/stm32f1xx_hal_gpio.o
                0x08003ef4                HAL_GPIO_ReadPin
 .text.HAL_GPIO_WritePin
                0x08003f22       0x30 ./Drivers/STM32F1xx_HAL_Driver/Src/stm32f1xx_hal_gpio.o
                0x08003f22                HAL_GPIO_WritePin
 *fill*         0x08003f52        0x2 
 .text.HAL_GPIO_EXTI_IRQHandler
                0x08003f54       0x30 ./Drivers/STM32F1xx_HAL_Driver/Src/stm32f1xx_hal_gpio.o
                0x08003f54                HAL_GPIO_EXTI_IRQHandler
 .text.HAL_I2C_Init
                0x08003f84      0x288 ./Drivers/STM32F1xx_HAL_Driver/Src/stm32f1xx_hal_i2c.o
                0x08003f84                HAL_I2C_Init
 .text.HAL_I2C_Master_Transmit
                0x0800420c      0x1fc ./Drivers/STM32F1xx_HAL_Driver/Src/stm32f1xx_hal_i2c.o
                0x0800420c                HAL_I2C_Master_Transmit
 .text.HAL_I2C_Master_Receive
                0x08004408      0x4d8 ./Drivers/STM32F1xx_HAL_Driver/Src/stm32f1xx_hal_i2c.o
                0x08004408                HAL_I2C_Master_Receive
 .text.HAL_I2C_Mem_Read
                0x080048e0      0x4e8 ./Drivers/STM32F1xx_HAL_Driver/Src/stm32f1xx_hal_i2c.o
                0x080048e0                HAL_I2C_Mem_Read
 .text.I2C_MasterRequestWrite
                0x08004dc8      0x104 ./Drivers/STM32F1xx_HAL_Driver/Src/stm32f1xx_hal_i2c.o
 .text.I2C_MasterRequestRead
                0x08004ecc      0x19c ./Drivers/STM32F1xx_HAL_Driver/Src/stm32f1xx_hal_i2c.o
 .text.I2C_RequestMemoryRead
                0x08005068      0x1d0 ./Drivers/STM32F1xx_HAL_Driver/Src/stm32f1xx_hal_i2c.o
 .text.I2C_WaitOnFlagUntilTimeout
                0x08005238       0xf4 ./Drivers/STM32F1xx_HAL_Driver/Src/stm32f1xx_hal_i2c.o
 .text.I2C_WaitOnMasterAddressFlagUntilTimeout
                0x0800532c      0x140 ./Drivers/STM32F1xx_HAL_Driver/Src/stm32f1xx_hal_i2c.o
 .text.I2C_WaitOnTXEFlagUntilTimeout
                0x0800546c       0x90 ./Drivers/STM32F1xx_HAL_Driver/Src/stm32f1xx_hal_i2c.o
 .text.I2C_WaitOnBTFFlagUntilTimeout
                0x080054fc       0x90 ./Drivers/STM32F1xx_HAL_Driver/Src/stm32f1xx_hal_i2c.o
 .text.I2C_WaitOnRXNEFlagUntilTimeout
                0x0800558c       0xba ./Drivers/STM32F1xx_HAL_Driver/Src/stm32f1xx_hal_i2c.o
 .text.I2C_IsAcknowledgeFailed
                0x08005646       0x5c ./Drivers/STM32F1xx_HAL_Driver/Src/stm32f1xx_hal_i2c.o
 *fill*         0x080056a2        0x2 
 .text.HAL_RCC_OscConfig
                0x080056a4      0x504 ./Drivers/STM32F1xx_HAL_Driver/Src/stm32f1xx_hal_rcc.o
                0x080056a4                HAL_RCC_OscConfig
 .text.HAL_RCC_ClockConfig
                0x08005ba8      0x1d4 ./Drivers/STM32F1xx_HAL_Driver/Src/stm32f1xx_hal_rcc.o
                0x08005ba8                HAL_RCC_ClockConfig
 .text.HAL_RCC_GetSysClockFreq
                0x08005d7c       0xa8 ./Drivers/STM32F1xx_HAL_Driver/Src/stm32f1xx_hal_rcc.o
                0x08005d7c                HAL_RCC_GetSysClockFreq
 .text.HAL_RCC_GetHCLKFreq
                0x08005e24       0x14 ./Drivers/STM32F1xx_HAL_Driver/Src/stm32f1xx_hal_rcc.o
                0x08005e24                HAL_RCC_GetHCLKFreq
 .text.HAL_RCC_GetPCLK1Freq
                0x08005e38       0x28 ./Drivers/STM32F1xx_HAL_Driver/Src/stm32f1xx_hal_rcc.o
                0x08005e38                HAL_RCC_GetPCLK1Freq
 .text.HAL_RCC_GetPCLK2Freq
                0x08005e60       0x28 ./Drivers/STM32F1xx_HAL_Driver/Src/stm32f1xx_hal_rcc.o
                0x08005e60                HAL_RCC_GetPCLK2Freq
 .text.RCC_Delay
                0x08005e88       0x3c ./Drivers/STM32F1xx_HAL_Driver/Src/stm32f1xx_hal_rcc.o
 .text.HAL_RCCEx_PeriphCLKConfig
                0x08005ec4      0x16c ./Drivers/STM32F1xx_HAL_Driver/Src/stm32f1xx_hal_rcc_ex.o
                0x08005ec4                HAL_RCCEx_PeriphCLKConfig
 .text.HAL_RCCEx_GetPeriphCLKFreq
                0x08006030      0x16c ./Drivers/STM32F1xx_HAL_Driver/Src/stm32f1xx_hal_rcc_ex.o
                0x08006030                HAL_RCCEx_GetPeriphCLKFreq
 .text.HAL_SPI_Init
                0x0800619c      0x108 ./Drivers/STM32F1xx_HAL_Driver/Src/stm32f1xx_hal_spi.o
                0x0800619c                HAL_SPI_Init
 .text.HAL_SPI_TransmitReceive
                0x080062a4      0x352 ./Drivers/STM32F1xx_HAL_Driver/Src/stm32f1xx_hal_spi.o
                0x080062a4                HAL_SPI_TransmitReceive
 *fill*         0x080065f6        0x2 
 .text.SPI_WaitFlagStateUntilTimeout
                0x080065f8      0x110 ./Drivers/STM32F1xx_HAL_Driver/Src/stm32f1xx_hal_spi.o
 .text.SPI_EndRxTxTransaction
                0x08006708       0x62 ./Drivers/STM32F1xx_HAL_Driver/Src/stm32f1xx_hal_spi.o
 .text.HAL_TIM_Base_Init
                0x0800676a       0x9e ./Drivers/STM32F1xx_HAL_Driver/Src/stm32f1xx_hal_tim.o
                0x0800676a                HAL_TIM_Base_Init
 .text.HAL_TIM_Base_Start
                0x08006808       0x94 ./Drivers/STM32F1xx_HAL_Driver/Src/stm32f1xx_hal_tim.o
                0x08006808                HAL_TIM_Base_Start
 .text.HAL_TIM_Base_Start_IT
                0x0800689c       0xa4 ./Drivers/STM32F1xx_HAL_Driver/Src/stm32f1xx_hal_tim.o
                0x0800689c                HAL_TIM_Base_Start_IT
 .text.HAL_TIM_Base_Stop_IT
                0x08006940       0x5c ./Drivers/STM32F1xx_HAL_Driver/Src/stm32f1xx_hal_tim.o
                0x08006940                HAL_TIM_Base_Stop_IT
 .text.HAL_TIM_IRQHandler
                0x0800699c      0x1e0 ./Drivers/STM32F1xx_HAL_Driver/Src/stm32f1xx_hal_tim.o
                0x0800699c                HAL_TIM_IRQHandler
 .text.HAL_TIM_ConfigClockSource
                0x08006b7c      0x18e ./Drivers/STM32F1xx_HAL_Driver/Src/stm32f1xx_hal_tim.o
                0x08006b7c                HAL_TIM_ConfigClockSource
 .text.HAL_TIM_OC_DelayElapsedCallback
                0x08006d0a       0x12 ./Drivers/STM32F1xx_HAL_Driver/Src/stm32f1xx_hal_tim.o
                0x08006d0a                HAL_TIM_OC_DelayElapsedCallback
 .text.HAL_TIM_IC_CaptureCallback
                0x08006d1c       0x12 ./Drivers/STM32F1xx_HAL_Driver/Src/stm32f1xx_hal_tim.o
                0x08006d1c                HAL_TIM_IC_CaptureCallback
 .text.HAL_TIM_PWM_PulseFinishedCallback
                0x08006d2e       0x12 ./Drivers/STM32F1xx_HAL_Driver/Src/stm32f1xx_hal_tim.o
                0x08006d2e                HAL_TIM_PWM_PulseFinishedCallback
 .text.HAL_TIM_TriggerCallback
                0x08006d40       0x12 ./Drivers/STM32F1xx_HAL_Driver/Src/stm32f1xx_hal_tim.o
                0x08006d40                HAL_TIM_TriggerCallback
 *fill*         0x08006d52        0x2 
 .text.TIM_Base_SetConfig
                0x08006d54       0xdc ./Drivers/STM32F1xx_HAL_Driver/Src/stm32f1xx_hal_tim.o
                0x08006d54                TIM_Base_SetConfig
 .text.TIM_TI1_ConfigInputStage
                0x08006e30       0x5c ./Drivers/STM32F1xx_HAL_Driver/Src/stm32f1xx_hal_tim.o
 .text.TIM_TI2_ConfigInputStage
                0x08006e8c       0x5e ./Drivers/STM32F1xx_HAL_Driver/Src/stm32f1xx_hal_tim.o
 .text.TIM_ITRx_SetConfig
                0x08006eea       0x34 ./Drivers/STM32F1xx_HAL_Driver/Src/stm32f1xx_hal_tim.o
 .text.TIM_ETR_SetConfig
                0x08006f1e       0x3e ./Drivers/STM32F1xx_HAL_Driver/Src/stm32f1xx_hal_tim.o
                0x08006f1e                TIM_ETR_SetConfig
 .text.HAL_TIMEx_MasterConfigSynchronization
                0x08006f5c       0xbc ./Drivers/STM32F1xx_HAL_Driver/Src/stm32f1xx_hal_tim_ex.o
                0x08006f5c                HAL_TIMEx_MasterConfigSynchronization
 .text.HAL_TIMEx_CommutCallback
                0x08007018       0x12 ./Drivers/STM32F1xx_HAL_Driver/Src/stm32f1xx_hal_tim_ex.o
                0x08007018                HAL_TIMEx_CommutCallback
 .text.HAL_TIMEx_BreakCallback
                0x0800702a       0x12 ./Drivers/STM32F1xx_HAL_Driver/Src/stm32f1xx_hal_tim_ex.o
                0x0800702a                HAL_TIMEx_BreakCallback
 .text.malloc   0x0800703c       0x10 D:/stm32_new/STM32CubeIDE_1.19.0/STM32CubeIDE/plugins/com.st.stm32cube.ide.mcu.externaltools.gnu-tools-for-stm32.13.3.rel1.win32_1.0.0.202411081344/tools/bin/../lib/gcc/arm-none-eabi/13.3.1/../../../../arm-none-eabi/lib/thumb/v7-m/nofp\libc_nano.a(libc_a-malloc.o)
                0x0800703c                malloc
 .text.free     0x0800704c       0x10 D:/stm32_new/STM32CubeIDE_1.19.0/STM32CubeIDE/plugins/com.st.stm32cube.ide.mcu.externaltools.gnu-tools-for-stm32.13.3.rel1.win32_1.0.0.202411081344/tools/bin/../lib/gcc/arm-none-eabi/13.3.1/../../../../arm-none-eabi/lib/thumb/v7-m/nofp\libc_nano.a(libc_a-malloc.o)
                0x0800704c                free
 .text.sbrk_aligned
                0x0800705c       0x44 D:/stm32_new/STM32CubeIDE_1.19.0/STM32CubeIDE/plugins/com.st.stm32cube.ide.mcu.externaltools.gnu-tools-for-stm32.13.3.rel1.win32_1.0.0.202411081344/tools/bin/../lib/gcc/arm-none-eabi/13.3.1/../../../../arm-none-eabi/lib/thumb/v7-m/nofp\libc_nano.a(libc_a-mallocr.o)
 .text._malloc_r
                0x080070a0      0x100 D:/stm32_new/STM32CubeIDE_1.19.0/STM32CubeIDE/plugins/com.st.stm32cube.ide.mcu.externaltools.gnu-tools-for-stm32.13.3.rel1.win32_1.0.0.202411081344/tools/bin/../lib/gcc/arm-none-eabi/13.3.1/../../../../arm-none-eabi/lib/thumb/v7-m/nofp\libc_nano.a(libc_a-mallocr.o)
                0x080070a0                _malloc_r
 .text.__malloc_lock
                0x080071a0        0xc D:/stm32_new/STM32CubeIDE_1.19.0/STM32CubeIDE/plugins/com.st.stm32cube.ide.mcu.externaltools.gnu-tools-for-stm32.13.3.rel1.win32_1.0.0.202411081344/tools/bin/../lib/gcc/arm-none-eabi/13.3.1/../../../../arm-none-eabi/lib/thumb/v7-m/nofp\libc_nano.a(libc_a-mlock.o)
                0x080071a0                __malloc_lock
 .text.__malloc_unlock
                0x080071ac        0xc D:/stm32_new/STM32CubeIDE_1.19.0/STM32CubeIDE/plugins/com.st.stm32cube.ide.mcu.externaltools.gnu-tools-for-stm32.13.3.rel1.win32_1.0.0.202411081344/tools/bin/../lib/gcc/arm-none-eabi/13.3.1/../../../../arm-none-eabi/lib/thumb/v7-m/nofp\libc_nano.a(libc_a-mlock.o)
                0x080071ac                __malloc_unlock
 .text.memset   0x080071b8       0x10 D:/stm32_new/STM32CubeIDE_1.19.0/STM32CubeIDE/plugins/com.st.stm32cube.ide.mcu.externaltools.gnu-tools-for-stm32.13.3.rel1.win32_1.0.0.202411081344/tools/bin/../lib/gcc/arm-none-eabi/13.3.1/../../../../arm-none-eabi/lib/thumb/v7-m/nofp\libc_nano.a(libc_a-memset.o)
                0x080071b8                memset
 .text._sbrk_r  0x080071c8       0x20 D:/stm32_new/STM32CubeIDE_1.19.0/STM32CubeIDE/plugins/com.st.stm32cube.ide.mcu.externaltools.gnu-tools-for-stm32.13.3.rel1.win32_1.0.0.202411081344/tools/bin/../lib/gcc/arm-none-eabi/13.3.1/../../../../arm-none-eabi/lib/thumb/v7-m/nofp\libc_nano.a(libc_a-sbrkr.o)
                0x080071c8                _sbrk_r
 .text.__errno  0x080071e8        0xc D:/stm32_new/STM32CubeIDE_1.19.0/STM32CubeIDE/plugins/com.st.stm32cube.ide.mcu.externaltools.gnu-tools-for-stm32.13.3.rel1.win32_1.0.0.202411081344/tools/bin/../lib/gcc/arm-none-eabi/13.3.1/../../../../arm-none-eabi/lib/thumb/v7-m/nofp\libc_nano.a(libc_a-errno.o)
                0x080071e8                __errno
 .text.__libc_init_array
                0x080071f4       0x48 D:/stm32_new/STM32CubeIDE_1.19.0/STM32CubeIDE/plugins/com.st.stm32cube.ide.mcu.externaltools.gnu-tools-for-stm32.13.3.rel1.win32_1.0.0.202411081344/tools/bin/../lib/gcc/arm-none-eabi/13.3.1/../../../../arm-none-eabi/lib/thumb/v7-m/nofp\libc_nano.a(libc_a-init.o)
                0x080071f4                __libc_init_array
 .text.__retarget_lock_acquire_recursive
                0x0800723c        0x2 D:/stm32_new/STM32CubeIDE_1.19.0/STM32CubeIDE/plugins/com.st.stm32cube.ide.mcu.externaltools.gnu-tools-for-stm32.13.3.rel1.win32_1.0.0.202411081344/tools/bin/../lib/gcc/arm-none-eabi/13.3.1/../../../../arm-none-eabi/lib/thumb/v7-m/nofp\libc_nano.a(libc_a-lock.o)
                0x0800723c                __retarget_lock_acquire_recursive
 .text.__retarget_lock_release_recursive
                0x0800723e        0x2 D:/stm32_new/STM32CubeIDE_1.19.0/STM32CubeIDE/plugins/com.st.stm32cube.ide.mcu.externaltools.gnu-tools-for-stm32.13.3.rel1.win32_1.0.0.202411081344/tools/bin/../lib/gcc/arm-none-eabi/13.3.1/../../../../arm-none-eabi/lib/thumb/v7-m/nofp\libc_nano.a(libc_a-lock.o)
                0x0800723e                __retarget_lock_release_recursive
 .text.memcpy   0x08007240       0x1c D:/stm32_new/STM32CubeIDE_1.19.0/STM32CubeIDE/plugins/com.st.stm32cube.ide.mcu.externaltools.gnu-tools-for-stm32.13.3.rel1.win32_1.0.0.202411081344/tools/bin/../lib/gcc/arm-none-eabi/13.3.1/../../../../arm-none-eabi/lib/thumb/v7-m/nofp\libc_nano.a(libc_a-memcpy-stub.o)
                0x08007240                memcpy
 .text._free_r  0x0800725c       0x90 D:/stm32_new/STM32CubeIDE_1.19.0/STM32CubeIDE/plugins/com.st.stm32cube.ide.mcu.externaltools.gnu-tools-for-stm32.13.3.rel1.win32_1.0.0.202411081344/tools/bin/../lib/gcc/arm-none-eabi/13.3.1/../../../../arm-none-eabi/lib/thumb/v7-m/nofp\libc_nano.a(libc_a-freer.o)
                0x0800725c                _free_r
 *(.glue_7)
 .glue_7        0x080072ec        0x0 linker stubs
 *(.glue_7t)
 .glue_7t       0x080072ec        0x0 linker stubs
 *(.eh_frame)
 .eh_frame      0x080072ec        0x0 D:/stm32_new/STM32CubeIDE_1.19.0/STM32CubeIDE/plugins/com.st.stm32cube.ide.mcu.externaltools.gnu-tools-for-stm32.13.3.rel1.win32_1.0.0.202411081344/tools/bin/../lib/gcc/arm-none-eabi/13.3.1/thumb/v7-m/nofp/crtbegin.o
 *(.init)
 .init          0x080072ec        0x4 D:/stm32_new/STM32CubeIDE_1.19.0/STM32CubeIDE/plugins/com.st.stm32cube.ide.mcu.externaltools.gnu-tools-for-stm32.13.3.rel1.win32_1.0.0.202411081344/tools/bin/../lib/gcc/arm-none-eabi/13.3.1/thumb/v7-m/nofp/crti.o
                0x080072ec                _init
 .init          0x080072f0        0x8 D:/stm32_new/STM32CubeIDE_1.19.0/STM32CubeIDE/plugins/com.st.stm32cube.ide.mcu.externaltools.gnu-tools-for-stm32.13.3.rel1.win32_1.0.0.202411081344/tools/bin/../lib/gcc/arm-none-eabi/13.3.1/thumb/v7-m/nofp/crtn.o
 *(.fini)
 .fini          0x080072f8        0x4 D:/stm32_new/STM32CubeIDE_1.19.0/STM32CubeIDE/plugins/com.st.stm32cube.ide.mcu.externaltools.gnu-tools-for-stm32.13.3.rel1.win32_1.0.0.202411081344/tools/bin/../lib/gcc/arm-none-eabi/13.3.1/thumb/v7-m/nofp/crti.o
                0x080072f8                _fini
 .fini          0x080072fc        0x8 D:/stm32_new/STM32CubeIDE_1.19.0/STM32CubeIDE/plugins/com.st.stm32cube.ide.mcu.externaltools.gnu-tools-for-stm32.13.3.rel1.win32_1.0.0.202411081344/tools/bin/../lib/gcc/arm-none-eabi/13.3.1/thumb/v7-m/nofp/crtn.o
                0x08007304                        . = ALIGN (0x4)
                0x08007304                        _etext = .

.vfp11_veneer   0x08007304        0x0
 .vfp11_veneer  0x08007304        0x0 linker stubs

.v4_bx          0x08007304        0x0
 .v4_bx         0x08007304        0x0 linker stubs

.iplt           0x08007304        0x0
 .iplt          0x08007304        0x0 D:/stm32_new/STM32CubeIDE_1.19.0/STM32CubeIDE/plugins/com.st.stm32cube.ide.mcu.externaltools.gnu-tools-for-stm32.13.3.rel1.win32_1.0.0.202411081344/tools/bin/../lib/gcc/arm-none-eabi/13.3.1/thumb/v7-m/nofp/crtbegin.o

.rodata         0x08007304       0x48
                0x08007304                        . = ALIGN (0x4)
 *(.rodata)
 .rodata        0x08007304        0x7 ./Core/dependencies/AHT20.o
 *(.rodata*)
 *fill*         0x0800730b        0x1 
 .rodata.AHBPrescTable
                0x0800730c       0x10 ./Core/Src/system_stm32f1xx.o
                0x0800730c                AHBPrescTable
 .rodata.APBPrescTable
                0x0800731c        0x8 ./Core/Src/system_stm32f1xx.o
                0x0800731c                APBPrescTable
 .rodata.aPLLMULFactorTable.1
                0x08007324       0x10 ./Drivers/STM32F1xx_HAL_Driver/Src/stm32f1xx_hal_rcc.o
 .rodata.aPredivFactorTable.0
                0x08007334        0x2 ./Drivers/STM32F1xx_HAL_Driver/Src/stm32f1xx_hal_rcc.o
 *fill*         0x08007336        0x2 
 .rodata.aPLLMULFactorTable.1
                0x08007338       0x10 ./Drivers/STM32F1xx_HAL_Driver/Src/stm32f1xx_hal_rcc_ex.o
 .rodata.aPredivFactorTable.0
                0x08007348        0x2 ./Drivers/STM32F1xx_HAL_Driver/Src/stm32f1xx_hal_rcc_ex.o
                0x0800734c                        . = ALIGN (0x4)
 *fill*         0x0800734a        0x2 

.ARM.extab      0x0800734c        0x0
                0x0800734c                        . = ALIGN (0x4)
 *(.ARM.extab* .gnu.linkonce.armextab.*)
                0x0800734c                        . = ALIGN (0x4)

.ARM            0x0800734c        0x0
                0x0800734c                        . = ALIGN (0x4)
                0x0800734c                        __exidx_start = .
 *(.ARM.exidx*)
                0x0800734c                        __exidx_end = .
                0x0800734c                        . = ALIGN (0x4)

.preinit_array  0x0800734c        0x0
                0x0800734c                        . = ALIGN (0x4)
                0x0800734c                        PROVIDE (__preinit_array_start = .)
 *(.preinit_array*)
                0x0800734c                        PROVIDE (__preinit_array_end = .)
                0x0800734c                        . = ALIGN (0x4)

.init_array     0x0800734c        0x4
                0x0800734c                        . = ALIGN (0x4)
                0x0800734c                        PROVIDE (__init_array_start = .)
 *(SORT_BY_NAME(.init_array.*))
 *(.init_array*)
 .init_array    0x0800734c        0x4 D:/stm32_new/STM32CubeIDE_1.19.0/STM32CubeIDE/plugins/com.st.stm32cube.ide.mcu.externaltools.gnu-tools-for-stm32.13.3.rel1.win32_1.0.0.202411081344/tools/bin/../lib/gcc/arm-none-eabi/13.3.1/thumb/v7-m/nofp/crtbegin.o
                0x08007350                        PROVIDE (__init_array_end = .)
                0x08007350                        . = ALIGN (0x4)

.fini_array     0x08007350        0x4
                0x08007350                        . = ALIGN (0x4)
                [!provide]                        PROVIDE (__fini_array_start = .)
 *(SORT_BY_NAME(.fini_array.*))
 *(.fini_array*)
 .fini_array    0x08007350        0x4 D:/stm32_new/STM32CubeIDE_1.19.0/STM32CubeIDE/plugins/com.st.stm32cube.ide.mcu.externaltools.gnu-tools-for-stm32.13.3.rel1.win32_1.0.0.202411081344/tools/bin/../lib/gcc/arm-none-eabi/13.3.1/thumb/v7-m/nofp/crtbegin.o
                [!provide]                        PROVIDE (__fini_array_end = .)
                0x08007354                        . = ALIGN (0x4)
                0x08007354                        _sidata = LOADADDR (.data)

.rel.dyn        0x08007354        0x0
 .rel.iplt      0x08007354        0x0 D:/stm32_new/STM32CubeIDE_1.19.0/STM32CubeIDE/plugins/com.st.stm32cube.ide.mcu.externaltools.gnu-tools-for-stm32.13.3.rel1.win32_1.0.0.202411081344/tools/bin/../lib/gcc/arm-none-eabi/13.3.1/thumb/v7-m/nofp/crtbegin.o

.data           0x20000000       0x5c load address 0x08007354
                0x20000000                        . = ALIGN (0x4)
                0x20000000                        _sdata = .
 *(.data)
 *(.data*)
 .data.SystemCoreClock
                0x20000000        0x4 ./Core/Src/system_stm32f1xx.o
                0x20000000                SystemCoreClock
 .data.uwTickPrio
                0x20000004        0x4 ./Drivers/STM32F1xx_HAL_Driver/Src/stm32f1xx_hal.o
                0x20000004                uwTickPrio
 .data.uwTickFreq
                0x20000008        0x1 ./Drivers/STM32F1xx_HAL_Driver/Src/stm32f1xx_hal.o
                0x20000008                uwTickFreq
 *fill*         0x20000009        0x3 
 .data._impure_ptr
                0x2000000c        0x4 D:/stm32_new/STM32CubeIDE_1.19.0/STM32CubeIDE/plugins/com.st.stm32cube.ide.mcu.externaltools.gnu-tools-for-stm32.13.3.rel1.win32_1.0.0.202411081344/tools/bin/../lib/gcc/arm-none-eabi/13.3.1/../../../../arm-none-eabi/lib/thumb/v7-m/nofp\libc_nano.a(libc_a-impure.o)
                0x2000000c                _impure_ptr
 .data._impure_data
                0x20000010       0x4c D:/stm32_new/STM32CubeIDE_1.19.0/STM32CubeIDE/plugins/com.st.stm32cube.ide.mcu.externaltools.gnu-tools-for-stm32.13.3.rel1.win32_1.0.0.202411081344/tools/bin/../lib/gcc/arm-none-eabi/13.3.1/../../../../arm-none-eabi/lib/thumb/v7-m/nofp\libc_nano.a(libc_a-impure.o)
                0x20000010                _impure_data
 *(.RamFunc)
 *(.RamFunc*)
                0x2000005c                        . = ALIGN (0x4)
                0x2000005c                        _edata = .

.igot.plt       0x2000005c        0x0 load address 0x080073b0
 .igot.plt      0x2000005c        0x0 D:/stm32_new/STM32CubeIDE_1.19.0/STM32CubeIDE/plugins/com.st.stm32cube.ide.mcu.externaltools.gnu-tools-for-stm32.13.3.rel1.win32_1.0.0.202411081344/tools/bin/../lib/gcc/arm-none-eabi/13.3.1/thumb/v7-m/nofp/crtbegin.o
                0x2000005c                        . = ALIGN (0x4)

.bss            0x2000005c      0x40c load address 0x080073b0
                0x2000005c                        _sbss = .
                0x2000005c                        __bss_start__ = _sbss
 *(.bss)
 .bss           0x2000005c       0x1c D:/stm32_new/STM32CubeIDE_1.19.0/STM32CubeIDE/plugins/com.st.stm32cube.ide.mcu.externaltools.gnu-tools-for-stm32.13.3.rel1.win32_1.0.0.202411081344/tools/bin/../lib/gcc/arm-none-eabi/13.3.1/thumb/v7-m/nofp/crtbegin.o
 *(.bss*)
 .bss.hadc1     0x20000078       0x30 ./Core/Src/main.o
                0x20000078                hadc1
 .bss.hdma_adc1
                0x200000a8       0x44 ./Core/Src/main.o
                0x200000a8                hdma_adc1
 .bss.hi2c1     0x200000ec       0x54 ./Core/Src/main.o
                0x200000ec                hi2c1
 .bss.hspi1     0x20000140       0x58 ./Core/Src/main.o
                0x20000140                hspi1
 .bss.htim2     0x20000198       0x48 ./Core/Src/main.o
                0x20000198                htim2
 .bss.htim3     0x200001e0       0x48 ./Core/Src/main.o
                0x200001e0                htim3
 .bss.radio_slave
                0x20000228       0x8c ./Core/Src/main.o
                0x20000228                radio_slave
 .bss.rx_payload
                0x200002b4        0x8 ./Core/Src/main.o
                0x200002b4                rx_payload
 .bss.tx_payload
                0x200002bc       0x11 ./Core/Src/main.o
                0x200002bc                tx_payload
 .bss.rx_data_ready
                0x200002cd        0x1 ./Core/Src/main.o
                0x200002cd                rx_data_ready
 .bss.tx_data_sent
                0x200002ce        0x1 ./Core/Src/main.o
                0x200002ce                tx_data_sent
 .bss.max_retransmit
                0x200002cf        0x1 ./Core/Src/main.o
                0x200002cf                max_retransmit
 .bss.humidity  0x200002d0        0x4 ./Core/Src/main.o
                0x200002d0                humidity
 .bss.temperature
                0x200002d4        0x4 ./Core/Src/main.o
                0x200002d4                temperature
 .bss.moisture  0x200002d8        0x2 ./Core/Src/main.o
                0x200002d8                moisture
 .bss.motor_status
                0x200002da        0x1 ./Core/Src/main.o
                0x200002da                motor_status
 *fill*         0x200002db        0x1 
 .bss.slave1    0x200002dc       0x10 ./Core/Src/main.o
                0x200002dc                slave1
 .bss.s_pkt     0x200002ec       0x14 ./Core/Src/main.o
                0x200002ec                s_pkt
 .bss.m_pkt     0x20000300        0x2 ./Core/Src/main.o
                0x20000300                m_pkt
 *fill*         0x20000302        0x2 
 .bss.flow_count
                0x20000304        0x4 ./Core/Src/main.o
                0x20000304                flow_count
 .bss.status.0  0x20000308        0x1 ./Core/Src/main.o
 *fill*         0x20000309        0x3 
 .bss.__sbrk_heap_end
                0x2000030c        0x4 ./Core/Src/sysmem.o
 .bss.AHT20_I2C
                0x20000310        0x4 ./Core/dependencies/AHT20.o
                0x20000310                AHT20_I2C
 .bss.pump_GPIO
                0x20000314        0x4 ./Core/dependencies/pump.o
 .bss.pump_Pin1
                0x20000318        0x2 ./Core/dependencies/pump.o
 .bss.pump_Pin2
                0x2000031a        0x2 ./Core/dependencies/pump.o
 .bss.uwTick    0x2000031c        0x4 ./Drivers/STM32F1xx_HAL_Driver/Src/stm32f1xx_hal.o
                0x2000031c                uwTick
 .bss.__malloc_sbrk_start
                0x20000320        0x4 D:/stm32_new/STM32CubeIDE_1.19.0/STM32CubeIDE/plugins/com.st.stm32cube.ide.mcu.externaltools.gnu-tools-for-stm32.13.3.rel1.win32_1.0.0.202411081344/tools/bin/../lib/gcc/arm-none-eabi/13.3.1/../../../../arm-none-eabi/lib/thumb/v7-m/nofp\libc_nano.a(libc_a-mallocr.o)
                0x20000320                __malloc_sbrk_start
 .bss.__malloc_free_list
                0x20000324        0x4 D:/stm32_new/STM32CubeIDE_1.19.0/STM32CubeIDE/plugins/com.st.stm32cube.ide.mcu.externaltools.gnu-tools-for-stm32.13.3.rel1.win32_1.0.0.202411081344/tools/bin/../lib/gcc/arm-none-eabi/13.3.1/../../../../arm-none-eabi/lib/thumb/v7-m/nofp\libc_nano.a(libc_a-mallocr.o)
                0x20000324                __malloc_free_list
 .bss.__sf      0x20000328      0x138 D:/stm32_new/STM32CubeIDE_1.19.0/STM32CubeIDE/plugins/com.st.stm32cube.ide.mcu.externaltools.gnu-tools-for-stm32.13.3.rel1.win32_1.0.0.202411081344/tools/bin/../lib/gcc/arm-none-eabi/13.3.1/../../../../arm-none-eabi/lib/thumb/v7-m/nofp\libc_nano.a(libc_a-findfp.o)
                0x20000328                __sf
 .bss.errno     0x20000460        0x4 D:/stm32_new/STM32CubeIDE_1.19.0/STM32CubeIDE/plugins/com.st.stm32cube.ide.mcu.externaltools.gnu-tools-for-stm32.13.3.rel1.win32_1.0.0.202411081344/tools/bin/../lib/gcc/arm-none-eabi/13.3.1/../../../../arm-none-eabi/lib/thumb/v7-m/nofp\libc_nano.a(libc_a-reent.o)
                0x20000460                errno
 .bss.__lock___malloc_recursive_mutex
                0x20000464        0x1 D:/stm32_new/STM32CubeIDE_1.19.0/STM32CubeIDE/plugins/com.st.stm32cube.ide.mcu.externaltools.gnu-tools-for-stm32.13.3.rel1.win32_1.0.0.202411081344/tools/bin/../lib/gcc/arm-none-eabi/13.3.1/../../../../arm-none-eabi/lib/thumb/v7-m/nofp\libc_nano.a(libc_a-lock.o)
                0x20000464                __lock___malloc_recursive_mutex
 *(COMMON)
                0x20000468                        . = ALIGN (0x4)
 *fill*         0x20000465        0x3 
                0x20000468                        _ebss = .
                0x20000468                        __bss_end__ = _ebss

._user_heap_stack
                0x20000468      0x600 load address 0x080073b0
                0x20000468                        . = ALIGN (0x8)
                [!provide]                        PROVIDE (end = .)
                0x20000468                        PROVIDE (_end = .)
                0x20000668                        . = (. + _Min_Heap_Size)
 *fill*         0x20000468      0x200 
                0x20000a68                        . = (. + _Min_Stack_Size)
 *fill*         0x20000668      0x400 
                0x20000a68                        . = ALIGN (0x8)

/DISCARD/
 libc.a(*)
 libm.a(*)
 libgcc.a(*)

.ARM.attributes
                0x00000000       0x29
 *(.ARM.attributes)
 .ARM.attributes
                0x00000000       0x1d D:/stm32_new/STM32CubeIDE_1.19.0/STM32CubeIDE/plugins/com.st.stm32cube.ide.mcu.externaltools.gnu-tools-for-stm32.13.3.rel1.win32_1.0.0.202411081344/tools/bin/../lib/gcc/arm-none-eabi/13.3.1/thumb/v7-m/nofp/crti.o
 .ARM.attributes
                0x0000001d       0x2d D:/stm32_new/STM32CubeIDE_1.19.0/STM32CubeIDE/plugins/com.st.stm32cube.ide.mcu.externaltools.gnu-tools-for-stm32.13.3.rel1.win32_1.0.0.202411081344/tools/bin/../lib/gcc/arm-none-eabi/13.3.1/thumb/v7-m/nofp/crtbegin.o
 .ARM.attributes
                0x0000004a       0x2d ./Core/Src/main.o
 .ARM.attributes
                0x00000077       0x2d ./Core/Src/stm32f1xx_hal_msp.o
 .ARM.attributes
                0x000000a4       0x2d ./Core/Src/stm32f1xx_it.o
 .ARM.attributes
                0x000000d1       0x2d ./Core/Src/sysmem.o
 .ARM.attributes
                0x000000fe       0x2d ./Core/Src/system_stm32f1xx.o
 .ARM.attributes
                0x0000012b       0x21 ./Core/Startup/startup_stm32f103c8tx.o
 .ARM.attributes
                0x0000014c       0x2d ./Core/dependencies/AHT20.o
 .ARM.attributes
                0x00000179       0x2d ./Core/dependencies/protocol.o
 .ARM.attributes
                0x000001a6       0x2d ./Core/dependencies/pump.o
 .ARM.attributes
                0x000001d3       0x2d ./Core/nrf24l01/nrf24l01.o
 .ARM.attributes
                0x00000200       0x2d ./Drivers/STM32F1xx_HAL_Driver/Src/stm32f1xx_hal.o
 .ARM.attributes
                0x0000022d       0x2d ./Drivers/STM32F1xx_HAL_Driver/Src/stm32f1xx_hal_adc.o
 .ARM.attributes
                0x0000025a       0x2d ./Drivers/STM32F1xx_HAL_Driver/Src/stm32f1xx_hal_cortex.o
 .ARM.attributes
                0x00000287       0x2d ./Drivers/STM32F1xx_HAL_Driver/Src/stm32f1xx_hal_dma.o
 .ARM.attributes
                0x000002b4       0x2d ./Drivers/STM32F1xx_HAL_Driver/Src/stm32f1xx_hal_gpio.o
 .ARM.attributes
                0x000002e1       0x2d ./Drivers/STM32F1xx_HAL_Driver/Src/stm32f1xx_hal_i2c.o
 .ARM.attributes
                0x0000030e       0x2d ./Drivers/STM32F1xx_HAL_Driver/Src/stm32f1xx_hal_rcc.o
 .ARM.attributes
                0x0000033b       0x2d ./Drivers/STM32F1xx_HAL_Driver/Src/stm32f1xx_hal_rcc_ex.o
 .ARM.attributes
                0x00000368       0x2d ./Drivers/STM32F1xx_HAL_Driver/Src/stm32f1xx_hal_spi.o
 .ARM.attributes
                0x00000395       0x2d ./Drivers/STM32F1xx_HAL_Driver/Src/stm32f1xx_hal_tim.o
 .ARM.attributes
                0x000003c2       0x2d ./Drivers/STM32F1xx_HAL_Driver/Src/stm32f1xx_hal_tim_ex.o
 .ARM.attributes
                0x000003ef       0x2d D:/stm32_new/STM32CubeIDE_1.19.0/STM32CubeIDE/plugins/com.st.stm32cube.ide.mcu.externaltools.gnu-tools-for-stm32.13.3.rel1.win32_1.0.0.202411081344/tools/bin/../lib/gcc/arm-none-eabi/13.3.1/../../../../arm-none-eabi/lib/thumb/v7-m/nofp\libc_nano.a(libc_a-malloc.o)
 .ARM.attributes
                0x0000041c       0x2d D:/stm32_new/STM32CubeIDE_1.19.0/STM32CubeIDE/plugins/com.st.stm32cube.ide.mcu.externaltools.gnu-tools-for-stm32.13.3.rel1.win32_1.0.0.202411081344/tools/bin/../lib/gcc/arm-none-eabi/13.3.1/../../../../arm-none-eabi/lib/thumb/v7-m/nofp\libc_nano.a(libc_a-mallocr.o)
 .ARM.attributes
                0x00000449       0x2d D:/stm32_new/STM32CubeIDE_1.19.0/STM32CubeIDE/plugins/com.st.stm32cube.ide.mcu.externaltools.gnu-tools-for-stm32.13.3.rel1.win32_1.0.0.202411081344/tools/bin/../lib/gcc/arm-none-eabi/13.3.1/../../../../arm-none-eabi/lib/thumb/v7-m/nofp\libc_nano.a(libc_a-mlock.o)
 .ARM.attributes
                0x00000476       0x2d D:/stm32_new/STM32CubeIDE_1.19.0/STM32CubeIDE/plugins/com.st.stm32cube.ide.mcu.externaltools.gnu-tools-for-stm32.13.3.rel1.win32_1.0.0.202411081344/tools/bin/../lib/gcc/arm-none-eabi/13.3.1/../../../../arm-none-eabi/lib/thumb/v7-m/nofp\libc_nano.a(libc_a-findfp.o)
 .ARM.attributes
                0x000004a3       0x2d D:/stm32_new/STM32CubeIDE_1.19.0/STM32CubeIDE/plugins/com.st.stm32cube.ide.mcu.externaltools.gnu-tools-for-stm32.13.3.rel1.win32_1.0.0.202411081344/tools/bin/../lib/gcc/arm-none-eabi/13.3.1/../../../../arm-none-eabi/lib/thumb/v7-m/nofp\libc_nano.a(libc_a-memset.o)
 .ARM.attributes
                0x000004d0       0x2d D:/stm32_new/STM32CubeIDE_1.19.0/STM32CubeIDE/plugins/com.st.stm32cube.ide.mcu.externaltools.gnu-tools-for-stm32.13.3.rel1.win32_1.0.0.202411081344/tools/bin/../lib/gcc/arm-none-eabi/13.3.1/../../../../arm-none-eabi/lib/thumb/v7-m/nofp\libc_nano.a(libc_a-reent.o)
 .ARM.attributes
                0x000004fd       0x2d D:/stm32_new/STM32CubeIDE_1.19.0/STM32CubeIDE/plugins/com.st.stm32cube.ide.mcu.externaltools.gnu-tools-for-stm32.13.3.rel1.win32_1.0.0.202411081344/tools/bin/../lib/gcc/arm-none-eabi/13.3.1/../../../../arm-none-eabi/lib/thumb/v7-m/nofp\libc_nano.a(libc_a-impure.o)
 .ARM.attributes
                0x0000052a       0x2d D:/stm32_new/STM32CubeIDE_1.19.0/STM32CubeIDE/plugins/com.st.stm32cube.ide.mcu.externaltools.gnu-tools-for-stm32.13.3.rel1.win32_1.0.0.202411081344/tools/bin/../lib/gcc/arm-none-eabi/13.3.1/../../../../arm-none-eabi/lib/thumb/v7-m/nofp\libc_nano.a(libc_a-sbrkr.o)
 .ARM.attributes
                0x00000557       0x2d D:/stm32_new/STM32CubeIDE_1.19.0/STM32CubeIDE/plugins/com.st.stm32cube.ide.mcu.externaltools.gnu-tools-for-stm32.13.3.rel1.win32_1.0.0.202411081344/tools/bin/../lib/gcc/arm-none-eabi/13.3.1/../../../../arm-none-eabi/lib/thumb/v7-m/nofp\libc_nano.a(libc_a-errno.o)
 .ARM.attributes
                0x00000584       0x2d D:/stm32_new/STM32CubeIDE_1.19.0/STM32CubeIDE/plugins/com.st.stm32cube.ide.mcu.externaltools.gnu-tools-for-stm32.13.3.rel1.win32_1.0.0.202411081344/tools/bin/../lib/gcc/arm-none-eabi/13.3.1/../../../../arm-none-eabi/lib/thumb/v7-m/nofp\libc_nano.a(libc_a-init.o)
 .ARM.attributes
                0x000005b1       0x2d D:/stm32_new/STM32CubeIDE_1.19.0/STM32CubeIDE/plugins/com.st.stm32cube.ide.mcu.externaltools.gnu-tools-for-stm32.13.3.rel1.win32_1.0.0.202411081344/tools/bin/../lib/gcc/arm-none-eabi/13.3.1/../../../../arm-none-eabi/lib/thumb/v7-m/nofp\libc_nano.a(libc_a-lock.o)
 .ARM.attributes
                0x000005de       0x2d D:/stm32_new/STM32CubeIDE_1.19.0/STM32CubeIDE/plugins/com.st.stm32cube.ide.mcu.externaltools.gnu-tools-for-stm32.13.3.rel1.win32_1.0.0.202411081344/tools/bin/../lib/gcc/arm-none-eabi/13.3.1/../../../../arm-none-eabi/lib/thumb/v7-m/nofp\libc_nano.a(libc_a-memcpy-stub.o)
 .ARM.attributes
                0x0000060b       0x2d D:/stm32_new/STM32CubeIDE_1.19.0/STM32CubeIDE/plugins/com.st.stm32cube.ide.mcu.externaltools.gnu-tools-for-stm32.13.3.rel1.win32_1.0.0.202411081344/tools/bin/../lib/gcc/arm-none-eabi/13.3.1/../../../../arm-none-eabi/lib/thumb/v7-m/nofp\libc_nano.a(libc_a-freer.o)
 .ARM.attributes
                0x00000638       0x1d D:/stm32_new/STM32CubeIDE_1.19.0/STM32CubeIDE/plugins/com.st.stm32cube.ide.mcu.externaltools.gnu-tools-for-stm32.13.3.rel1.win32_1.0.0.202411081344/tools/bin/../lib/gcc/arm-none-eabi/13.3.1/thumb/v7-m/nofp\libgcc.a(_arm_mulsf3.o)
 .ARM.attributes
                0x00000655       0x1d D:/stm32_new/STM32CubeIDE_1.19.0/STM32CubeIDE/plugins/com.st.stm32cube.ide.mcu.externaltools.gnu-tools-for-stm32.13.3.rel1.win32_1.0.0.202411081344/tools/bin/../lib/gcc/arm-none-eabi/13.3.1/thumb/v7-m/nofp\libgcc.a(_arm_addsubdf3.o)
 .ARM.attributes
                0x00000672       0x1d D:/stm32_new/STM32CubeIDE_1.19.0/STM32CubeIDE/plugins/com.st.stm32cube.ide.mcu.externaltools.gnu-tools-for-stm32.13.3.rel1.win32_1.0.0.202411081344/tools/bin/../lib/gcc/arm-none-eabi/13.3.1/thumb/v7-m/nofp\libgcc.a(_arm_muldivdf3.o)
 .ARM.attributes
                0x0000068f       0x1d D:/stm32_new/STM32CubeIDE_1.19.0/STM32CubeIDE/plugins/com.st.stm32cube.ide.mcu.externaltools.gnu-tools-for-stm32.13.3.rel1.win32_1.0.0.202411081344/tools/bin/../lib/gcc/arm-none-eabi/13.3.1/thumb/v7-m/nofp\libgcc.a(_arm_truncdfsf2.o)
 .ARM.attributes
                0x000006ac       0x1d D:/stm32_new/STM32CubeIDE_1.19.0/STM32CubeIDE/plugins/com.st.stm32cube.ide.mcu.externaltools.gnu-tools-for-stm32.13.3.rel1.win32_1.0.0.202411081344/tools/bin/../lib/gcc/arm-none-eabi/13.3.1/thumb/v7-m/nofp\libgcc.a(_arm_addsubsf3.o)
 .ARM.attributes
                0x000006c9       0x1d D:/stm32_new/STM32CubeIDE_1.19.0/STM32CubeIDE/plugins/com.st.stm32cube.ide.mcu.externaltools.gnu-tools-for-stm32.13.3.rel1.win32_1.0.0.202411081344/tools/bin/../lib/gcc/arm-none-eabi/13.3.1/thumb/v7-m/nofp/crtn.o
OUTPUT(farm-slave-rx.elf elf32-littlearm)
LOAD linker stubs
LOAD D:/stm32_new/STM32CubeIDE_1.19.0/STM32CubeIDE/plugins/com.st.stm32cube.ide.mcu.externaltools.gnu-tools-for-stm32.13.3.rel1.win32_1.0.0.202411081344/tools/bin/../lib/gcc/arm-none-eabi/13.3.1/../../../../arm-none-eabi/lib/thumb/v7-m/nofp\libc.a
LOAD D:/stm32_new/STM32CubeIDE_1.19.0/STM32CubeIDE/plugins/com.st.stm32cube.ide.mcu.externaltools.gnu-tools-for-stm32.13.3.rel1.win32_1.0.0.202411081344/tools/bin/../lib/gcc/arm-none-eabi/13.3.1/../../../../arm-none-eabi/lib/thumb/v7-m/nofp\libm.a
LOAD D:/stm32_new/STM32CubeIDE_1.19.0/STM32CubeIDE/plugins/com.st.stm32cube.ide.mcu.externaltools.gnu-tools-for-stm32.13.3.rel1.win32_1.0.0.202411081344/tools/bin/../lib/gcc/arm-none-eabi/13.3.1/thumb/v7-m/nofp\libgcc.a

.debug_info     0x00000000    0x11358
 .debug_info    0x00000000     0x20b0 ./Core/Src/main.o
 .debug_info    0x000020b0     0x13ae ./Core/Src/stm32f1xx_hal_msp.o
 .debug_info    0x0000345e      0x731 ./Core/Src/stm32f1xx_it.o
 .debug_info    0x00003b8f      0x168 ./Core/Src/sysmem.o
 .debug_info    0x00003cf7      0x222 ./Core/Src/system_stm32f1xx.o
 .debug_info    0x00003f19       0x30 ./Core/Startup/startup_stm32f103c8tx.o
 .debug_info    0x00003f49      0x73a ./Core/dependencies/AHT20.o
 .debug_info    0x00004683      0x3eb ./Core/dependencies/protocol.o
 .debug_info    0x00004a6e      0x1ef ./Core/dependencies/pump.o
 .debug_info    0x00004c5d     0x19c9 ./Core/nrf24l01/nrf24l01.o
 .debug_info    0x00006626      0x704 ./Drivers/STM32F1xx_HAL_Driver/Src/stm32f1xx_hal.o
 .debug_info    0x00006d2a      0xc50 ./Drivers/STM32F1xx_HAL_Driver/Src/stm32f1xx_hal_adc.o
 .debug_info    0x0000797a      0xa87 ./Drivers/STM32F1xx_HAL_Driver/Src/stm32f1xx_hal_cortex.o
 .debug_info    0x00008401      0x6d2 ./Drivers/STM32F1xx_HAL_Driver/Src/stm32f1xx_hal_dma.o
 .debug_info    0x00008ad3      0x5ab ./Drivers/STM32F1xx_HAL_Driver/Src/stm32f1xx_hal_gpio.o
 .debug_info    0x0000907e     0x2524 ./Drivers/STM32F1xx_HAL_Driver/Src/stm32f1xx_hal_i2c.o
 .debug_info    0x0000b5a2      0x7d5 ./Drivers/STM32F1xx_HAL_Driver/Src/stm32f1xx_hal_rcc.o
 .debug_info    0x0000bd77      0x3c0 ./Drivers/STM32F1xx_HAL_Driver/Src/stm32f1xx_hal_rcc_ex.o
 .debug_info    0x0000c137     0x142d ./Drivers/STM32F1xx_HAL_Driver/Src/stm32f1xx_hal_spi.o
 .debug_info    0x0000d564     0x2959 ./Drivers/STM32F1xx_HAL_Driver/Src/stm32f1xx_hal_tim.o
 .debug_info    0x0000febd     0x149b ./Drivers/STM32F1xx_HAL_Driver/Src/stm32f1xx_hal_tim_ex.o

.debug_abbrev   0x00000000     0x290b
 .debug_abbrev  0x00000000      0x32e ./Core/Src/main.o
 .debug_abbrev  0x0000032e      0x25e ./Core/Src/stm32f1xx_hal_msp.o
 .debug_abbrev  0x0000058c      0x1c2 ./Core/Src/stm32f1xx_it.o
 .debug_abbrev  0x0000074e       0xbc ./Core/Src/sysmem.o
 .debug_abbrev  0x0000080a      0x13f ./Core/Src/system_stm32f1xx.o
 .debug_abbrev  0x00000949       0x24 ./Core/Startup/startup_stm32f103c8tx.o
 .debug_abbrev  0x0000096d      0x1b2 ./Core/dependencies/AHT20.o
 .debug_abbrev  0x00000b1f      0x111 ./Core/dependencies/protocol.o
 .debug_abbrev  0x00000c30      0x120 ./Core/dependencies/pump.o
 .debug_abbrev  0x00000d50      0x277 ./Core/nrf24l01/nrf24l01.o
 .debug_abbrev  0x00000fc7      0x201 ./Drivers/STM32F1xx_HAL_Driver/Src/stm32f1xx_hal.o
 .debug_abbrev  0x000011c8      0x225 ./Drivers/STM32F1xx_HAL_Driver/Src/stm32f1xx_hal_adc.o
 .debug_abbrev  0x000013ed      0x2f8 ./Drivers/STM32F1xx_HAL_Driver/Src/stm32f1xx_hal_cortex.o
 .debug_abbrev  0x000016e5      0x20b ./Drivers/STM32F1xx_HAL_Driver/Src/stm32f1xx_hal_dma.o
 .debug_abbrev  0x000018f0      0x1ca ./Drivers/STM32F1xx_HAL_Driver/Src/stm32f1xx_hal_gpio.o
 .debug_abbrev  0x00001aba      0x2a3 ./Drivers/STM32F1xx_HAL_Driver/Src/stm32f1xx_hal_i2c.o
 .debug_abbrev  0x00001d5d      0x2b3 ./Drivers/STM32F1xx_HAL_Driver/Src/stm32f1xx_hal_rcc.o
 .debug_abbrev  0x00002010      0x188 ./Drivers/STM32F1xx_HAL_Driver/Src/stm32f1xx_hal_rcc_ex.o
 .debug_abbrev  0x00002198      0x27a ./Drivers/STM32F1xx_HAL_Driver/Src/stm32f1xx_hal_spi.o
 .debug_abbrev  0x00002412      0x277 ./Drivers/STM32F1xx_HAL_Driver/Src/stm32f1xx_hal_tim.o
 .debug_abbrev  0x00002689      0x282 ./Drivers/STM32F1xx_HAL_Driver/Src/stm32f1xx_hal_tim_ex.o

.debug_aranges  0x00000000     0x11e8
 .debug_aranges
                0x00000000       0xa0 ./Core/Src/main.o
 .debug_aranges
                0x000000a0       0x60 ./Core/Src/stm32f1xx_hal_msp.o
 .debug_aranges
                0x00000100       0x88 ./Core/Src/stm32f1xx_it.o
 .debug_aranges
                0x00000188       0x20 ./Core/Src/sysmem.o
 .debug_aranges
                0x000001a8       0x28 ./Core/Src/system_stm32f1xx.o
 .debug_aranges
                0x000001d0       0x28 ./Core/Startup/startup_stm32f103c8tx.o
 .debug_aranges
                0x000001f8       0x28 ./Core/dependencies/AHT20.o
 .debug_aranges
                0x00000220       0x50 ./Core/dependencies/protocol.o
 .debug_aranges
                0x00000270       0x30 ./Core/dependencies/pump.o
 .debug_aranges
                0x000002a0      0x130 ./Core/nrf24l01/nrf24l01.o
 .debug_aranges
                0x000003d0       0xe0 ./Drivers/STM32F1xx_HAL_Driver/Src/stm32f1xx_hal.o
 .debug_aranges
                0x000004b0       0xf0 ./Drivers/STM32F1xx_HAL_Driver/Src/stm32f1xx_hal_adc.o
 .debug_aranges
                0x000005a0      0x100 ./Drivers/STM32F1xx_HAL_Driver/Src/stm32f1xx_hal_cortex.o
 .debug_aranges
                0x000006a0       0x80 ./Drivers/STM32F1xx_HAL_Driver/Src/stm32f1xx_hal_dma.o
 .debug_aranges
                0x00000720       0x58 ./Drivers/STM32F1xx_HAL_Driver/Src/stm32f1xx_hal_gpio.o
 .debug_aranges
                0x00000778      0x2a8 ./Drivers/STM32F1xx_HAL_Driver/Src/stm32f1xx_hal_i2c.o
 .debug_aranges
                0x00000a20       0x90 ./Drivers/STM32F1xx_HAL_Driver/Src/stm32f1xx_hal_rcc.o
 .debug_aranges
                0x00000ab0       0x30 ./Drivers/STM32F1xx_HAL_Driver/Src/stm32f1xx_hal_rcc_ex.o
 .debug_aranges
                0x00000ae0      0x1d0 ./Drivers/STM32F1xx_HAL_Driver/Src/stm32f1xx_hal_spi.o
 .debug_aranges
                0x00000cb0      0x3d0 ./Drivers/STM32F1xx_HAL_Driver/Src/stm32f1xx_hal_tim.o
 .debug_aranges
                0x00001080      0x168 ./Drivers/STM32F1xx_HAL_Driver/Src/stm32f1xx_hal_tim_ex.o

.debug_rnglists
                0x00000000      0xdf9
 .debug_rnglists
                0x00000000       0x7b ./Core/Src/main.o
 .debug_rnglists
                0x0000007b       0x46 ./Core/Src/stm32f1xx_hal_msp.o
 .debug_rnglists
                0x000000c1       0x61 ./Core/Src/stm32f1xx_it.o
 .debug_rnglists
                0x00000122       0x13 ./Core/Src/sysmem.o
 .debug_rnglists
                0x00000135       0x1a ./Core/Src/system_stm32f1xx.o
 .debug_rnglists
                0x0000014f       0x19 ./Core/Startup/startup_stm32f103c8tx.o
 .debug_rnglists
                0x00000168       0x1b ./Core/dependencies/AHT20.o
 .debug_rnglists
                0x00000183       0x37 ./Core/dependencies/protocol.o
 .debug_rnglists
                0x000001ba       0x1f ./Core/dependencies/pump.o
 .debug_rnglists
                0x000001d9       0xed ./Core/nrf24l01/nrf24l01.o
 .debug_rnglists
                0x000002c6       0xa3 ./Drivers/STM32F1xx_HAL_Driver/Src/stm32f1xx_hal.o
 .debug_rnglists
                0x00000369       0xbc ./Drivers/STM32F1xx_HAL_Driver/Src/stm32f1xx_hal_adc.o
 .debug_rnglists
                0x00000425       0xbb ./Drivers/STM32F1xx_HAL_Driver/Src/stm32f1xx_hal_cortex.o
 .debug_rnglists
                0x000004e0       0x64 ./Drivers/STM32F1xx_HAL_Driver/Src/stm32f1xx_hal_dma.o
 .debug_rnglists
                0x00000544       0x3f ./Drivers/STM32F1xx_HAL_Driver/Src/stm32f1xx_hal_gpio.o
 .debug_rnglists
                0x00000583      0x23c ./Drivers/STM32F1xx_HAL_Driver/Src/stm32f1xx_hal_i2c.o
 .debug_rnglists
                0x000007bf       0x6c ./Drivers/STM32F1xx_HAL_Driver/Src/stm32f1xx_hal_rcc.o
 .debug_rnglists
                0x0000082b       0x21 ./Drivers/STM32F1xx_HAL_Driver/Src/stm32f1xx_hal_rcc_ex.o
 .debug_rnglists
                0x0000084c      0x16e ./Drivers/STM32F1xx_HAL_Driver/Src/stm32f1xx_hal_spi.o
 .debug_rnglists
                0x000009ba      0x31a ./Drivers/STM32F1xx_HAL_Driver/Src/stm32f1xx_hal_tim.o
 .debug_rnglists
                0x00000cd4      0x125 ./Drivers/STM32F1xx_HAL_Driver/Src/stm32f1xx_hal_tim_ex.o

.debug_macro    0x00000000    0x19789
 .debug_macro   0x00000000      0x2f8 ./Core/Src/main.o
 .debug_macro   0x000002f8      0xacc ./Core/Src/main.o
 .debug_macro   0x00000dc4      0x22d ./Core/Src/main.o
 .debug_macro   0x00000ff1       0x2e ./Core/Src/main.o
 .debug_macro   0x0000101f       0x22 ./Core/Src/main.o
 .debug_macro   0x00001041       0x22 ./Core/Src/main.o
 .debug_macro   0x00001063       0x8e ./Core/Src/main.o
 .debug_macro   0x000010f1       0x51 ./Core/Src/main.o
 .debug_macro   0x00001142      0x103 ./Core/Src/main.o
 .debug_macro   0x00001245       0x6a ./Core/Src/main.o
 .debug_macro   0x000012af      0x1df ./Core/Src/main.o
 .debug_macro   0x0000148e       0x1c ./Core/Src/main.o
 .debug_macro   0x000014aa       0x22 ./Core/Src/main.o
 .debug_macro   0x000014cc       0xbd ./Core/Src/main.o
 .debug_macro   0x00001589      0xd23 ./Core/Src/main.o
 .debug_macro   0x000022ac     0xe09e ./Core/Src/main.o
 .debug_macro   0x0001034a       0x6d ./Core/Src/main.o
 .debug_macro   0x000103b7     0x34a2 ./Core/Src/main.o
 .debug_macro   0x00013859      0x190 ./Core/Src/main.o
 .debug_macro   0x000139e9       0x5c ./Core/Src/main.o
 .debug_macro   0x00013a45      0x5bc ./Core/Src/main.o
 .debug_macro   0x00014001      0x289 ./Core/Src/main.o
 .debug_macro   0x0001428a      0x1cb ./Core/Src/main.o
 .debug_macro   0x00014455      0x114 ./Core/Src/main.o
 .debug_macro   0x00014569      0x1b2 ./Core/Src/main.o
 .debug_macro   0x0001471b       0x27 ./Core/Src/main.o
 .debug_macro   0x00014742      0x136 ./Core/Src/main.o
 .debug_macro   0x00014878      0x1bc ./Core/Src/main.o
 .debug_macro   0x00014a34       0x34 ./Core/Src/main.o
 .debug_macro   0x00014a68       0x3c ./Core/Src/main.o
 .debug_macro   0x00014aa4       0x57 ./Core/Src/main.o
 .debug_macro   0x00014afb      0x46a ./Core/Src/main.o
 .debug_macro   0x00014f65      0x1b5 ./Core/Src/main.o
 .debug_macro   0x0001511a       0x87 ./Core/Src/main.o
 .debug_macro   0x000151a1      0x240 ./Core/Src/main.o
 .debug_macro   0x000153e1      0x287 ./Core/Src/main.o
 .debug_macro   0x00015668      0x140 ./Core/Src/main.o
 .debug_macro   0x000157a8      0x217 ./Core/Src/main.o
 .debug_macro   0x000159bf      0x8ed ./Core/Src/main.o
 .debug_macro   0x000162ac       0x83 ./Core/Src/main.o
 .debug_macro   0x0001632f       0x64 ./Core/Src/main.o
 .debug_macro   0x00016393       0x24 ./Core/Src/main.o
 .debug_macro   0x000163b7       0x61 ./Core/Src/main.o
 .debug_macro   0x00016418       0x43 ./Core/Src/main.o
 .debug_macro   0x0001645b       0x34 ./Core/Src/main.o
 .debug_macro   0x0001648f       0x16 ./Core/Src/main.o
 .debug_macro   0x000164a5       0x3c ./Core/Src/main.o
 .debug_macro   0x000164e1      0x370 ./Core/Src/main.o
 .debug_macro   0x00016851       0x16 ./Core/Src/main.o
 .debug_macro   0x00016867       0x4a ./Core/Src/main.o
 .debug_macro   0x000168b1       0x34 ./Core/Src/main.o
 .debug_macro   0x000168e5       0x10 ./Core/Src/main.o
 .debug_macro   0x000168f5       0x58 ./Core/Src/main.o
 .debug_macro   0x0001694d       0x8e ./Core/Src/main.o
 .debug_macro   0x000169db       0x1c ./Core/Src/main.o
 .debug_macro   0x000169f7      0x185 ./Core/Src/main.o
 .debug_macro   0x00016b7c       0x16 ./Core/Src/main.o
 .debug_macro   0x00016b92       0x29 ./Core/Src/main.o
 .debug_macro   0x00016bbb       0x16 ./Core/Src/main.o
 .debug_macro   0x00016bd1       0x20 ./Core/Src/main.o
 .debug_macro   0x00016bf1      0x2dc ./Core/Src/main.o
 .debug_macro   0x00016ecd       0x16 ./Core/Src/main.o
 .debug_macro   0x00016ee3      0x1d0 ./Core/Src/stm32f1xx_hal_msp.o
 .debug_macro   0x000170b3      0x1da ./Core/Src/stm32f1xx_it.o
 .debug_macro   0x0001728d      0x112 ./Core/Src/sysmem.o
 .debug_macro   0x0001739f      0x23c ./Core/Src/sysmem.o
 .debug_macro   0x000175db      0x1c1 ./Core/Src/system_stm32f1xx.o
 .debug_macro   0x0001779c      0x1e0 ./Core/dependencies/AHT20.o
 .debug_macro   0x0001797c      0x2ea ./Core/dependencies/protocol.o
 .debug_macro   0x00017c66       0x10 ./Core/dependencies/protocol.o
 .debug_macro   0x00017c76      0x11c ./Core/dependencies/protocol.o
 .debug_macro   0x00017d92       0x9b ./Core/dependencies/protocol.o
 .debug_macro   0x00017e2d       0x56 ./Core/dependencies/protocol.o
 .debug_macro   0x00017e83      0x1cb ./Core/dependencies/pump.o
 .debug_macro   0x0001804e      0x2db ./Core/nrf24l01/nrf24l01.o
 .debug_macro   0x00018329      0x1e5 ./Drivers/STM32F1xx_HAL_Driver/Src/stm32f1xx_hal.o
 .debug_macro   0x0001850e      0x1de ./Drivers/STM32F1xx_HAL_Driver/Src/stm32f1xx_hal_adc.o
 .debug_macro   0x000186ec      0x1c1 ./Drivers/STM32F1xx_HAL_Driver/Src/stm32f1xx_hal_cortex.o
 .debug_macro   0x000188ad      0x1c1 ./Drivers/STM32F1xx_HAL_Driver/Src/stm32f1xx_hal_dma.o
 .debug_macro   0x00018a6e      0x22c ./Drivers/STM32F1xx_HAL_Driver/Src/stm32f1xx_hal_gpio.o
 .debug_macro   0x00018c9a      0x20f ./Drivers/STM32F1xx_HAL_Driver/Src/stm32f1xx_hal_i2c.o
 .debug_macro   0x00018ea9      0x1d3 ./Drivers/STM32F1xx_HAL_Driver/Src/stm32f1xx_hal_rcc.o
 .debug_macro   0x0001907c      0x1c1 ./Drivers/STM32F1xx_HAL_Driver/Src/stm32f1xx_hal_rcc_ex.o
 .debug_macro   0x0001923d      0x1c9 ./Drivers/STM32F1xx_HAL_Driver/Src/stm32f1xx_hal_spi.o
 .debug_macro   0x00019406      0x1c2 ./Drivers/STM32F1xx_HAL_Driver/Src/stm32f1xx_hal_tim.o
 .debug_macro   0x000195c8      0x1c1 ./Drivers/STM32F1xx_HAL_Driver/Src/stm32f1xx_hal_tim_ex.o

.debug_line     0x00000000    0x1590e
 .debug_line    0x00000000      0xece ./Core/Src/main.o
 .debug_line    0x00000ece      0x899 ./Core/Src/stm32f1xx_hal_msp.o
 .debug_line    0x00001767      0x856 ./Core/Src/stm32f1xx_it.o
 .debug_line    0x00001fbd      0x663 ./Core/Src/sysmem.o
 .debug_line    0x00002620      0x7ae ./Core/Src/system_stm32f1xx.o
 .debug_line    0x00002dce       0x78 ./Core/Startup/startup_stm32f103c8tx.o
 .debug_line    0x00002e46      0x7cb ./Core/dependencies/AHT20.o
 .debug_line    0x00003611      0xafe ./Core/dependencies/protocol.o
 .debug_line    0x0000410f      0x760 ./Core/dependencies/pump.o
 .debug_line    0x0000486f     0x154b ./Core/nrf24l01/nrf24l01.o
 .debug_line    0x00005dba      0x9df ./Drivers/STM32F1xx_HAL_Driver/Src/stm32f1xx_hal.o
 .debug_line    0x00006799     0x1004 ./Drivers/STM32F1xx_HAL_Driver/Src/stm32f1xx_hal_adc.o
 .debug_line    0x0000779d      0xba9 ./Drivers/STM32F1xx_HAL_Driver/Src/stm32f1xx_hal_cortex.o
 .debug_line    0x00008346      0xde9 ./Drivers/STM32F1xx_HAL_Driver/Src/stm32f1xx_hal_dma.o
 .debug_line    0x0000912f      0xa3c ./Drivers/STM32F1xx_HAL_Driver/Src/stm32f1xx_hal_gpio.o
 .debug_line    0x00009b6b     0x3bdc ./Drivers/STM32F1xx_HAL_Driver/Src/stm32f1xx_hal_i2c.o
 .debug_line    0x0000d747      0xe98 ./Drivers/STM32F1xx_HAL_Driver/Src/stm32f1xx_hal_rcc.o
 .debug_line    0x0000e5df      0x949 ./Drivers/STM32F1xx_HAL_Driver/Src/stm32f1xx_hal_rcc_ex.o
 .debug_line    0x0000ef28     0x1c76 ./Drivers/STM32F1xx_HAL_Driver/Src/stm32f1xx_hal_spi.o
 .debug_line    0x00010b9e     0x34cd ./Drivers/STM32F1xx_HAL_Driver/Src/stm32f1xx_hal_tim.o
 .debug_line    0x0001406b     0x18a3 ./Drivers/STM32F1xx_HAL_Driver/Src/stm32f1xx_hal_tim_ex.o

.debug_str      0x00000000    0x9265d
 .debug_str     0x00000000    0x9265d ./Core/Src/main.o
                              0x8ed78 (size before relaxing)
 .debug_str     0x0009265d    0x8a2de ./Core/Src/stm32f1xx_hal_msp.o
 .debug_str     0x0009265d    0x8999e ./Core/Src/stm32f1xx_it.o
 .debug_str     0x0009265d     0x771b ./Core/Src/sysmem.o
 .debug_str     0x0009265d    0x89278 ./Core/Src/system_stm32f1xx.o
 .debug_str     0x0009265d       0x75 ./Core/Startup/startup_stm32f103c8tx.o
 .debug_str     0x0009265d    0x89913 ./Core/dependencies/AHT20.o
 .debug_str     0x0009265d    0x8cfdb ./Core/dependencies/protocol.o
 .debug_str     0x0009265d    0x8927c ./Core/dependencies/pump.o
 .debug_str     0x0009265d    0x8e227 ./Core/nrf24l01/nrf24l01.o
 .debug_str     0x0009265d    0x899ab ./Drivers/STM32F1xx_HAL_Driver/Src/stm32f1xx_hal.o
 .debug_str     0x0009265d    0x8995c ./Drivers/STM32F1xx_HAL_Driver/Src/stm32f1xx_hal_adc.o
 .debug_str     0x0009265d    0x898f7 ./Drivers/STM32F1xx_HAL_Driver/Src/stm32f1xx_hal_cortex.o
 .debug_str     0x0009265d    0x89621 ./Drivers/STM32F1xx_HAL_Driver/Src/stm32f1xx_hal_dma.o
 .debug_str     0x0009265d    0x895fe ./Drivers/STM32F1xx_HAL_Driver/Src/stm32f1xx_hal_gpio.o
 .debug_str     0x0009265d    0x8a33f ./Drivers/STM32F1xx_HAL_Driver/Src/stm32f1xx_hal_i2c.o
 .debug_str     0x0009265d    0x896a7 ./Drivers/STM32F1xx_HAL_Driver/Src/stm32f1xx_hal_rcc.o
 .debug_str     0x0009265d    0x893f7 ./Drivers/STM32F1xx_HAL_Driver/Src/stm32f1xx_hal_rcc_ex.o
 .debug_str     0x0009265d    0x89b9e ./Drivers/STM32F1xx_HAL_Driver/Src/stm32f1xx_hal_spi.o
 .debug_str     0x0009265d    0x8a6a9 ./Drivers/STM32F1xx_HAL_Driver/Src/stm32f1xx_hal_tim.o
 .debug_str     0x0009265d    0x89eb5 ./Drivers/STM32F1xx_HAL_Driver/Src/stm32f1xx_hal_tim_ex.o

.comment        0x00000000       0x43
 .comment       0x00000000       0x43 ./Core/Src/main.o
                                 0x44 (size before relaxing)
 .comment       0x00000043       0x44 ./Core/Src/stm32f1xx_hal_msp.o
 .comment       0x00000043       0x44 ./Core/Src/stm32f1xx_it.o
 .comment       0x00000043       0x44 ./Core/Src/sysmem.o
 .comment       0x00000043       0x44 ./Core/Src/system_stm32f1xx.o
 .comment       0x00000043       0x44 ./Core/dependencies/AHT20.o
 .comment       0x00000043       0x44 ./Core/dependencies/protocol.o
 .comment       0x00000043       0x44 ./Core/dependencies/pump.o
 .comment       0x00000043       0x44 ./Core/nrf24l01/nrf24l01.o
 .comment       0x00000043       0x44 ./Drivers/STM32F1xx_HAL_Driver/Src/stm32f1xx_hal.o
 .comment       0x00000043       0x44 ./Drivers/STM32F1xx_HAL_Driver/Src/stm32f1xx_hal_adc.o
 .comment       0x00000043       0x44 ./Drivers/STM32F1xx_HAL_Driver/Src/stm32f1xx_hal_cortex.o
 .comment       0x00000043       0x44 ./Drivers/STM32F1xx_HAL_Driver/Src/stm32f1xx_hal_dma.o
 .comment       0x00000043       0x44 ./Drivers/STM32F1xx_HAL_Driver/Src/stm32f1xx_hal_gpio.o
 .comment       0x00000043       0x44 ./Drivers/STM32F1xx_HAL_Driver/Src/stm32f1xx_hal_i2c.o
 .comment       0x00000043       0x44 ./Drivers/STM32F1xx_HAL_Driver/Src/stm32f1xx_hal_rcc.o
 .comment       0x00000043       0x44 ./Drivers/STM32F1xx_HAL_Driver/Src/stm32f1xx_hal_rcc_ex.o
 .comment       0x00000043       0x44 ./Drivers/STM32F1xx_HAL_Driver/Src/stm32f1xx_hal_spi.o
 .comment       0x00000043       0x44 ./Drivers/STM32F1xx_HAL_Driver/Src/stm32f1xx_hal_tim.o
 .comment       0x00000043       0x44 ./Drivers/STM32F1xx_HAL_Driver/Src/stm32f1xx_hal_tim_ex.o

.debug_frame    0x00000000     0x501c
 .debug_frame   0x00000000      0x244 ./Core/Src/main.o
 .debug_frame   0x00000244      0x158 ./Core/Src/stm32f1xx_hal_msp.o
 .debug_frame   0x0000039c      0x190 ./Core/Src/stm32f1xx_it.o
 .debug_frame   0x0000052c       0x34 ./Core/Src/sysmem.o
 .debug_frame   0x00000560       0x58 ./Core/Src/system_stm32f1xx.o
 .debug_frame   0x000005b8       0x5c ./Core/dependencies/AHT20.o
 .debug_frame   0x00000614      0x128 ./Core/dependencies/protocol.o
 .debug_frame   0x0000073c       0x6c ./Core/dependencies/pump.o
 .debug_frame   0x000007a8      0x524 ./Core/nrf24l01/nrf24l01.o
 .debug_frame   0x00000ccc      0x334 ./Drivers/STM32F1xx_HAL_Driver/Src/stm32f1xx_hal.o
 .debug_frame   0x00001000      0x40c ./Drivers/STM32F1xx_HAL_Driver/Src/stm32f1xx_hal_adc.o
 .debug_frame   0x0000140c      0x428 ./Drivers/STM32F1xx_HAL_Driver/Src/stm32f1xx_hal_cortex.o
 .debug_frame   0x00001834      0x208 ./Drivers/STM32F1xx_HAL_Driver/Src/stm32f1xx_hal_dma.o
 .debug_frame   0x00001a3c      0x14c ./Drivers/STM32F1xx_HAL_Driver/Src/stm32f1xx_hal_gpio.o
 .debug_frame   0x00001b88      0xc84 ./Drivers/STM32F1xx_HAL_Driver/Src/stm32f1xx_hal_i2c.o
 .debug_frame   0x0000280c      0x218 ./Drivers/STM32F1xx_HAL_Driver/Src/stm32f1xx_hal_rcc.o
 .debug_frame   0x00002a24       0x80 ./Drivers/STM32F1xx_HAL_Driver/Src/stm32f1xx_hal_rcc_ex.o
 .debug_frame   0x00002aa4      0x824 ./Drivers/STM32F1xx_HAL_Driver/Src/stm32f1xx_hal_spi.o
 .debug_frame   0x000032c8     0x11b8 ./Drivers/STM32F1xx_HAL_Driver/Src/stm32f1xx_hal_tim.o
 .debug_frame   0x00004480      0x638 ./Drivers/STM32F1xx_HAL_Driver/Src/stm32f1xx_hal_tim_ex.o
 .debug_frame   0x00004ab8       0x30 D:/stm32_new/STM32CubeIDE_1.19.0/STM32CubeIDE/plugins/com.st.stm32cube.ide.mcu.externaltools.gnu-tools-for-stm32.13.3.rel1.win32_1.0.0.202411081344/tools/bin/../lib/gcc/arm-none-eabi/13.3.1/../../../../arm-none-eabi/lib/thumb/v7-m/nofp\libc_nano.a(libc_a-malloc.o)
 .debug_frame   0x00004ae8       0x50 D:/stm32_new/STM32CubeIDE_1.19.0/STM32CubeIDE/plugins/com.st.stm32cube.ide.mcu.externaltools.gnu-tools-for-stm32.13.3.rel1.win32_1.0.0.202411081344/tools/bin/../lib/gcc/arm-none-eabi/13.3.1/../../../../arm-none-eabi/lib/thumb/v7-m/nofp\libc_nano.a(libc_a-mallocr.o)
 .debug_frame   0x00004b38       0x30 D:/stm32_new/STM32CubeIDE_1.19.0/STM32CubeIDE/plugins/com.st.stm32cube.ide.mcu.externaltools.gnu-tools-for-stm32.13.3.rel1.win32_1.0.0.202411081344/tools/bin/../lib/gcc/arm-none-eabi/13.3.1/../../../../arm-none-eabi/lib/thumb/v7-m/nofp\libc_nano.a(libc_a-mlock.o)
 .debug_frame   0x00004b68      0x144 D:/stm32_new/STM32CubeIDE_1.19.0/STM32CubeIDE/plugins/com.st.stm32cube.ide.mcu.externaltools.gnu-tools-for-stm32.13.3.rel1.win32_1.0.0.202411081344/tools/bin/../lib/gcc/arm-none-eabi/13.3.1/../../../../arm-none-eabi/lib/thumb/v7-m/nofp\libc_nano.a(libc_a-findfp.o)
 .debug_frame   0x00004cac       0x20 D:/stm32_new/STM32CubeIDE_1.19.0/STM32CubeIDE/plugins/com.st.stm32cube.ide.mcu.externaltools.gnu-tools-for-stm32.13.3.rel1.win32_1.0.0.202411081344/tools/bin/../lib/gcc/arm-none-eabi/13.3.1/../../../../arm-none-eabi/lib/thumb/v7-m/nofp\libc_nano.a(libc_a-memset.o)
 .debug_frame   0x00004ccc       0x38 D:/stm32_new/STM32CubeIDE_1.19.0/STM32CubeIDE/plugins/com.st.stm32cube.ide.mcu.externaltools.gnu-tools-for-stm32.13.3.rel1.win32_1.0.0.202411081344/tools/bin/../lib/gcc/arm-none-eabi/13.3.1/../../../../arm-none-eabi/lib/thumb/v7-m/nofp\libc_nano.a(libc_a-reent.o)
 .debug_frame   0x00004d04       0x2c D:/stm32_new/STM32CubeIDE_1.19.0/STM32CubeIDE/plugins/com.st.stm32cube.ide.mcu.externaltools.gnu-tools-for-stm32.13.3.rel1.win32_1.0.0.202411081344/tools/bin/../lib/gcc/arm-none-eabi/13.3.1/../../../../arm-none-eabi/lib/thumb/v7-m/nofp\libc_nano.a(libc_a-sbrkr.o)
 .debug_frame   0x00004d30       0x20 D:/stm32_new/STM32CubeIDE_1.19.0/STM32CubeIDE/plugins/com.st.stm32cube.ide.mcu.externaltools.gnu-tools-for-stm32.13.3.rel1.win32_1.0.0.202411081344/tools/bin/../lib/gcc/arm-none-eabi/13.3.1/../../../../arm-none-eabi/lib/thumb/v7-m/nofp\libc_nano.a(libc_a-errno.o)
 .debug_frame   0x00004d50       0x2c D:/stm32_new/STM32CubeIDE_1.19.0/STM32CubeIDE/plugins/com.st.stm32cube.ide.mcu.externaltools.gnu-tools-for-stm32.13.3.rel1.win32_1.0.0.202411081344/tools/bin/../lib/gcc/arm-none-eabi/13.3.1/../../../../arm-none-eabi/lib/thumb/v7-m/nofp\libc_nano.a(libc_a-init.o)
 .debug_frame   0x00004d7c       0xb0 D:/stm32_new/STM32CubeIDE_1.19.0/STM32CubeIDE/plugins/com.st.stm32cube.ide.mcu.externaltools.gnu-tools-for-stm32.13.3.rel1.win32_1.0.0.202411081344/tools/bin/../lib/gcc/arm-none-eabi/13.3.1/../../../../arm-none-eabi/lib/thumb/v7-m/nofp\libc_nano.a(libc_a-lock.o)
 .debug_frame   0x00004e2c       0x28 D:/stm32_new/STM32CubeIDE_1.19.0/STM32CubeIDE/plugins/com.st.stm32cube.ide.mcu.externaltools.gnu-tools-for-stm32.13.3.rel1.win32_1.0.0.202411081344/tools/bin/../lib/gcc/arm-none-eabi/13.3.1/../../../../arm-none-eabi/lib/thumb/v7-m/nofp\libc_nano.a(libc_a-memcpy-stub.o)
 .debug_frame   0x00004e54       0x38 D:/stm32_new/STM32CubeIDE_1.19.0/STM32CubeIDE/plugins/com.st.stm32cube.ide.mcu.externaltools.gnu-tools-for-stm32.13.3.rel1.win32_1.0.0.202411081344/tools/bin/../lib/gcc/arm-none-eabi/13.3.1/../../../../arm-none-eabi/lib/thumb/v7-m/nofp\libc_nano.a(libc_a-freer.o)
 .debug_frame   0x00004e8c       0x24 D:/stm32_new/STM32CubeIDE_1.19.0/STM32CubeIDE/plugins/com.st.stm32cube.ide.mcu.externaltools.gnu-tools-for-stm32.13.3.rel1.win32_1.0.0.202411081344/tools/bin/../lib/gcc/arm-none-eabi/13.3.1/thumb/v7-m/nofp\libgcc.a(_arm_mulsf3.o)
 .debug_frame   0x00004eb0       0xac D:/stm32_new/STM32CubeIDE_1.19.0/STM32CubeIDE/plugins/com.st.stm32cube.ide.mcu.externaltools.gnu-tools-for-stm32.13.3.rel1.win32_1.0.0.202411081344/tools/bin/../lib/gcc/arm-none-eabi/13.3.1/thumb/v7-m/nofp\libgcc.a(_arm_addsubdf3.o)
 .debug_frame   0x00004f5c       0x50 D:/stm32_new/STM32CubeIDE_1.19.0/STM32CubeIDE/plugins/com.st.stm32cube.ide.mcu.externaltools.gnu-tools-for-stm32.13.3.rel1.win32_1.0.0.202411081344/tools/bin/../lib/gcc/arm-none-eabi/13.3.1/thumb/v7-m/nofp\libgcc.a(_arm_muldivdf3.o)
 .debug_frame   0x00004fac       0x24 D:/stm32_new/STM32CubeIDE_1.19.0/STM32CubeIDE/plugins/com.st.stm32cube.ide.mcu.externaltools.gnu-tools-for-stm32.13.3.rel1.win32_1.0.0.202411081344/tools/bin/../lib/gcc/arm-none-eabi/13.3.1/thumb/v7-m/nofp\libgcc.a(_arm_truncdfsf2.o)
 .debug_frame   0x00004fd0       0x4c D:/stm32_new/STM32CubeIDE_1.19.0/STM32CubeIDE/plugins/com.st.stm32cube.ide.mcu.externaltools.gnu-tools-for-stm32.13.3.rel1.win32_1.0.0.202411081344/tools/bin/../lib/gcc/arm-none-eabi/13.3.1/thumb/v7-m/nofp\libgcc.a(_arm_addsubsf3.o)

.debug_line_str
                0x00000000       0x59
 .debug_line_str
                0x00000000       0x59 ./Core/Startup/startup_stm32f103c8tx.o
